Stm32_F103C6_USART_driver.c:52:6:MCAL_UART_Init	24	static
Stm32_F103C6_USART_driver.c:137:6:MCAL_UART_DeInit	16	static
Stm32_F103C6_USART_driver.c:188:6:MCAL_UART_SendData	24	static
Stm32_F103C6_USART_driver.c:222:6:MCAL_UART_WAIT_TC	16	static
Stm32_F103C6_USART_driver.c:231:6:MCAL_UART_ReceiveData	24	static
Stm32_F103C6_USART_driver.c:287:6:MCAL_UART_GPIO_Set_Pins	24	static
Stm32_F103C6_USART_driver.c:419:6:USART1_IRQHandler	8	static
Stm32_F103C6_USART_driver.c:425:6:USART2_IRQHandler	8	static
Stm32_F103C6_USART_driver.c:430:6:USART3_IRQHandler	8	static
