
Memory Configuration

Name             Origin             Length             Attributes
flash            0x08000000         0x00020000         xr
sram             0x20000000         0x00005000         xrw
*default*        0x00000000         0xffffffff

Linker script and memory map


.text           0x08000000      0x194
 *(.vectors*)
 .vectors       0x08000000       0x18 startup.o
                0x08000000                vectors
 *(.text*)
 .text          0x08000018       0xb8 main.o
                0x08000018                main
 .text          0x080000d0       0xc4 startup.o
                0x080000d0                Bus_Handler
                0x080000d0                Default_Handler
                0x080000d0                H_fault_Handler
                0x080000d0                Usage_Fault_Handler
                0x080000d0                NMI_Handler
                0x080000dc                Reset_Handler
 *(.rodata)
                0x08000194                _E_text = .

.glue_7         0x08000194        0x0
 .glue_7        0x00000000        0x0 linker stubs

.glue_7t        0x08000194        0x0
 .glue_7t       0x00000000        0x0 linker stubs

.vfp11_veneer   0x08000194        0x0
 .vfp11_veneer  0x00000000        0x0 linker stubs

.v4_bx          0x08000194        0x0
 .v4_bx         0x00000000        0x0 linker stubs

.iplt           0x08000194        0x0
 .iplt          0x00000000        0x0 main.o

.rel.dyn        0x08000194        0x0
 .rel.iplt      0x00000000        0x0 main.o

.data           0x20000000        0xc load address 0x08000194
                0x20000000                _S_DATA = .
 *(.data)
 .data          0x20000000        0xc main.o
                0x20000000                R_ODR
                0x20000004                g_variables
                0x20000008                const_variables
 .data          0x2000000c        0x0 startup.o
                0x2000000c                . = ALIGN (0x4)
                0x2000000c                _E_DATA = .

.igot.plt       0x2000000c        0x0 load address 0x080001a0
 .igot.plt      0x00000000        0x0 main.o

.bss            0x2000000c     0x1000 load address 0x080001a0
                0x2000000c                _S_bss = .
 *(.bss*)
 .bss           0x2000000c        0x0 main.o
 .bss           0x2000000c        0x0 startup.o
                0x2000000c                _E_bss = .
                0x2000000c                . = ALIGN (0x4)
                0x2000100c                . = (. + 0x1000)
 *fill*         0x2000000c     0x1000 
                0x2000100c                _stack_top = .
LOAD main.o
LOAD startup.o
OUTPUT(cortex_m3_toggle_led.elf elf32-littlearm)

.debug_info     0x00000000      0x2dc
 .debug_info    0x00000000      0x174 main.o
 .debug_info    0x00000174      0x168 startup.o

.debug_abbrev   0x00000000      0x1a5
 .debug_abbrev  0x00000000       0xe3 main.o
 .debug_abbrev  0x000000e3       0xc2 startup.o

.debug_loc      0x00000000       0x9c
 .debug_loc     0x00000000       0x38 main.o
 .debug_loc     0x00000038       0x64 startup.o

.debug_aranges  0x00000000       0x40
 .debug_aranges
                0x00000000       0x20 main.o
 .debug_aranges
                0x00000020       0x20 startup.o

.debug_line     0x00000000      0x14b
 .debug_line    0x00000000       0x9c main.o
 .debug_line    0x0000009c       0xaf startup.o

.debug_str      0x00000000      0x162
 .debug_str     0x00000000       0xe2 main.o
                                0x124 (size before relaxing)
 .debug_str     0x000000e2       0x80 startup.o
                                0x146 (size before relaxing)

.comment        0x00000000       0x11
 .comment       0x00000000       0x11 main.o
                                 0x12 (size before relaxing)
 .comment       0x00000000       0x12 startup.o

.ARM.attributes
                0x00000000       0x33
 .ARM.attributes
                0x00000000       0x33 main.o
 .ARM.attributes
                0x00000033       0x33 startup.o

.debug_frame    0x00000000       0x78
 .debug_frame   0x00000000       0x2c main.o
 .debug_frame   0x0000002c       0x4c startup.o
