Archive member included to satisfy reference by file (symbol)

c:/st/stm32cubeide_1.4.0/stm32cubeide/plugins/com.st.stm32cube.ide.mcu.externaltools.gnu-tools-for-stm32.7-2018-q2-update.win32_1.4.0.202007081208/tools/bin/../lib/gcc/arm-none-eabi/7.3.1/../../../../arm-none-eabi/lib/thumb/v7-m\libc_nano.a(lib_a-errno.o)
                              Src/syscalls.o (__errno)
c:/st/stm32cubeide_1.4.0/stm32cubeide/plugins/com.st.stm32cube.ide.mcu.externaltools.gnu-tools-for-stm32.7-2018-q2-update.win32_1.4.0.202007081208/tools/bin/../lib/gcc/arm-none-eabi/7.3.1/../../../../arm-none-eabi/lib/thumb/v7-m\libc_nano.a(lib_a-exit.o)
                              c:/st/stm32cubeide_1.4.0/stm32cubeide/plugins/com.st.stm32cube.ide.mcu.externaltools.gnu-tools-for-stm32.7-2018-q2-update.win32_1.4.0.202007081208/tools/bin/../lib/gcc/arm-none-eabi/7.3.1/../../../../arm-none-eabi/lib/thumb/v7-m/crt0.o (exit)
c:/st/stm32cubeide_1.4.0/stm32cubeide/plugins/com.st.stm32cube.ide.mcu.externaltools.gnu-tools-for-stm32.7-2018-q2-update.win32_1.4.0.202007081208/tools/bin/../lib/gcc/arm-none-eabi/7.3.1/../../../../arm-none-eabi/lib/thumb/v7-m\libc_nano.a(lib_a-impure.o)
                              c:/st/stm32cubeide_1.4.0/stm32cubeide/plugins/com.st.stm32cube.ide.mcu.externaltools.gnu-tools-for-stm32.7-2018-q2-update.win32_1.4.0.202007081208/tools/bin/../lib/gcc/arm-none-eabi/7.3.1/../../../../arm-none-eabi/lib/thumb/v7-m\libc_nano.a(lib_a-exit.o) (_global_impure_ptr)
c:/st/stm32cubeide_1.4.0/stm32cubeide/plugins/com.st.stm32cube.ide.mcu.externaltools.gnu-tools-for-stm32.7-2018-q2-update.win32_1.4.0.202007081208/tools/bin/../lib/gcc/arm-none-eabi/7.3.1/../../../../arm-none-eabi/lib/thumb/v7-m\libc_nano.a(lib_a-init.o)
                              c:/st/stm32cubeide_1.4.0/stm32cubeide/plugins/com.st.stm32cube.ide.mcu.externaltools.gnu-tools-for-stm32.7-2018-q2-update.win32_1.4.0.202007081208/tools/bin/../lib/gcc/arm-none-eabi/7.3.1/../../../../arm-none-eabi/lib/thumb/v7-m/crt0.o (__libc_init_array)
c:/st/stm32cubeide_1.4.0/stm32cubeide/plugins/com.st.stm32cube.ide.mcu.externaltools.gnu-tools-for-stm32.7-2018-q2-update.win32_1.4.0.202007081208/tools/bin/../lib/gcc/arm-none-eabi/7.3.1/../../../../arm-none-eabi/lib/thumb/v7-m\libc_nano.a(lib_a-memset.o)
                              c:/st/stm32cubeide_1.4.0/stm32cubeide/plugins/com.st.stm32cube.ide.mcu.externaltools.gnu-tools-for-stm32.7-2018-q2-update.win32_1.4.0.202007081208/tools/bin/../lib/gcc/arm-none-eabi/7.3.1/../../../../arm-none-eabi/lib/thumb/v7-m/crt0.o (memset)

Allocating common symbols
Common symbol       size              file

PinCfg              0x4               HAL/keypad.o
GP_IRQ_CallBack     0x3c              Stm32_F103C6_Drivers/Stm32_F103C6_EXTI_driver.o

Discarded input sections

 .text          0x0000000000000000        0x0 c:/st/stm32cubeide_1.4.0/stm32cubeide/plugins/com.st.stm32cube.ide.mcu.externaltools.gnu-tools-for-stm32.7-2018-q2-update.win32_1.4.0.202007081208/tools/bin/../lib/gcc/arm-none-eabi/7.3.1/thumb/v7-m/crti.o
 .data          0x0000000000000000        0x0 c:/st/stm32cubeide_1.4.0/stm32cubeide/plugins/com.st.stm32cube.ide.mcu.externaltools.gnu-tools-for-stm32.7-2018-q2-update.win32_1.4.0.202007081208/tools/bin/../lib/gcc/arm-none-eabi/7.3.1/thumb/v7-m/crti.o
 .bss           0x0000000000000000        0x0 c:/st/stm32cubeide_1.4.0/stm32cubeide/plugins/com.st.stm32cube.ide.mcu.externaltools.gnu-tools-for-stm32.7-2018-q2-update.win32_1.4.0.202007081208/tools/bin/../lib/gcc/arm-none-eabi/7.3.1/thumb/v7-m/crti.o
 .data          0x0000000000000000        0x4 c:/st/stm32cubeide_1.4.0/stm32cubeide/plugins/com.st.stm32cube.ide.mcu.externaltools.gnu-tools-for-stm32.7-2018-q2-update.win32_1.4.0.202007081208/tools/bin/../lib/gcc/arm-none-eabi/7.3.1/thumb/v7-m/crtbegin.o
 .text          0x0000000000000000       0x74 c:/st/stm32cubeide_1.4.0/stm32cubeide/plugins/com.st.stm32cube.ide.mcu.externaltools.gnu-tools-for-stm32.7-2018-q2-update.win32_1.4.0.202007081208/tools/bin/../lib/gcc/arm-none-eabi/7.3.1/../../../../arm-none-eabi/lib/thumb/v7-m/crt0.o
 .data          0x0000000000000000        0x0 c:/st/stm32cubeide_1.4.0/stm32cubeide/plugins/com.st.stm32cube.ide.mcu.externaltools.gnu-tools-for-stm32.7-2018-q2-update.win32_1.4.0.202007081208/tools/bin/../lib/gcc/arm-none-eabi/7.3.1/../../../../arm-none-eabi/lib/thumb/v7-m/crt0.o
 .bss           0x0000000000000000        0x0 c:/st/stm32cubeide_1.4.0/stm32cubeide/plugins/com.st.stm32cube.ide.mcu.externaltools.gnu-tools-for-stm32.7-2018-q2-update.win32_1.4.0.202007081208/tools/bin/../lib/gcc/arm-none-eabi/7.3.1/../../../../arm-none-eabi/lib/thumb/v7-m/crt0.o
 .ARM.extab     0x0000000000000000        0x0 c:/st/stm32cubeide_1.4.0/stm32cubeide/plugins/com.st.stm32cube.ide.mcu.externaltools.gnu-tools-for-stm32.7-2018-q2-update.win32_1.4.0.202007081208/tools/bin/../lib/gcc/arm-none-eabi/7.3.1/../../../../arm-none-eabi/lib/thumb/v7-m/crt0.o
 .ARM.exidx     0x0000000000000000        0x8 c:/st/stm32cubeide_1.4.0/stm32cubeide/plugins/com.st.stm32cube.ide.mcu.externaltools.gnu-tools-for-stm32.7-2018-q2-update.win32_1.4.0.202007081208/tools/bin/../lib/gcc/arm-none-eabi/7.3.1/../../../../arm-none-eabi/lib/thumb/v7-m/crt0.o
 .ARM.attributes
                0x0000000000000000       0x1b c:/st/stm32cubeide_1.4.0/stm32cubeide/plugins/com.st.stm32cube.ide.mcu.externaltools.gnu-tools-for-stm32.7-2018-q2-update.win32_1.4.0.202007081208/tools/bin/../lib/gcc/arm-none-eabi/7.3.1/../../../../arm-none-eabi/lib/thumb/v7-m/crt0.o
 .group         0x0000000000000000        0xc HAL/keypad.o
 .group         0x0000000000000000        0xc HAL/keypad.o
 .group         0x0000000000000000        0xc HAL/keypad.o
 .group         0x0000000000000000        0xc HAL/keypad.o
 .group         0x0000000000000000        0xc HAL/keypad.o
 .group         0x0000000000000000        0xc HAL/keypad.o
 .group         0x0000000000000000        0xc HAL/keypad.o
 .group         0x0000000000000000        0xc HAL/keypad.o
 .group         0x0000000000000000        0xc HAL/keypad.o
 .group         0x0000000000000000        0xc HAL/keypad.o
 .group         0x0000000000000000        0xc HAL/keypad.o
 .group         0x0000000000000000        0xc HAL/keypad.o
 .group         0x0000000000000000        0xc HAL/keypad.o
 .group         0x0000000000000000        0xc HAL/keypad.o
 .group         0x0000000000000000        0xc HAL/keypad.o
 .group         0x0000000000000000        0xc HAL/keypad.o
 .group         0x0000000000000000        0xc HAL/keypad.o
 .group         0x0000000000000000        0xc HAL/keypad.o
 .group         0x0000000000000000        0xc HAL/keypad.o
 .group         0x0000000000000000        0xc HAL/keypad.o
 .group         0x0000000000000000        0xc HAL/keypad.o
 .group         0x0000000000000000        0xc HAL/keypad.o
 .group         0x0000000000000000        0xc HAL/keypad.o
 .group         0x0000000000000000        0xc HAL/keypad.o
 .group         0x0000000000000000        0xc HAL/keypad.o
 .text          0x0000000000000000        0x0 HAL/keypad.o
 .data          0x0000000000000000        0x0 HAL/keypad.o
 .bss           0x0000000000000000        0x0 HAL/keypad.o
 .data.Key_padRow
                0x0000000000000000       0x10 HAL/keypad.o
 .data.Key_padCol
                0x0000000000000000       0x10 HAL/keypad.o
 .text.KEYPAD_INIT
                0x0000000000000000       0xec HAL/keypad.o
 .text.KEYPAD_GET_CHAR
                0x0000000000000000      0x194 HAL/keypad.o
 .group         0x0000000000000000        0xc HAL/lcd.o
 .group         0x0000000000000000        0xc HAL/lcd.o
 .group         0x0000000000000000        0xc HAL/lcd.o
 .group         0x0000000000000000        0xc HAL/lcd.o
 .group         0x0000000000000000        0xc HAL/lcd.o
 .group         0x0000000000000000        0xc HAL/lcd.o
 .group         0x0000000000000000        0xc HAL/lcd.o
 .group         0x0000000000000000        0xc HAL/lcd.o
 .group         0x0000000000000000        0xc HAL/lcd.o
 .group         0x0000000000000000        0xc HAL/lcd.o
 .group         0x0000000000000000        0xc HAL/lcd.o
 .group         0x0000000000000000        0xc HAL/lcd.o
 .group         0x0000000000000000        0xc HAL/lcd.o
 .group         0x0000000000000000        0xc HAL/lcd.o
 .group         0x0000000000000000        0xc HAL/lcd.o
 .group         0x0000000000000000        0xc HAL/lcd.o
 .group         0x0000000000000000        0xc HAL/lcd.o
 .group         0x0000000000000000        0xc HAL/lcd.o
 .group         0x0000000000000000        0xc HAL/lcd.o
 .group         0x0000000000000000        0xc HAL/lcd.o
 .group         0x0000000000000000        0xc HAL/lcd.o
 .group         0x0000000000000000        0xc HAL/lcd.o
 .group         0x0000000000000000        0xc HAL/lcd.o
 .group         0x0000000000000000        0xc HAL/lcd.o
 .group         0x0000000000000000        0xc HAL/lcd.o
 .group         0x0000000000000000        0xc HAL/lcd.o
 .group         0x0000000000000000        0xc HAL/lcd.o
 .group         0x0000000000000000        0xc HAL/lcd.o
 .group         0x0000000000000000        0xc HAL/lcd.o
 .group         0x0000000000000000        0xc HAL/lcd.o
 .group         0x0000000000000000        0xc HAL/lcd.o
 .group         0x0000000000000000        0xc HAL/lcd.o
 .group         0x0000000000000000        0xc HAL/lcd.o
 .group         0x0000000000000000        0xc HAL/lcd.o
 .group         0x0000000000000000        0xc HAL/lcd.o
 .group         0x0000000000000000        0xc HAL/lcd.o
 .group         0x0000000000000000        0xc HAL/lcd.o
 .group         0x0000000000000000        0xc HAL/lcd.o
 .group         0x0000000000000000        0xc HAL/lcd.o
 .text          0x0000000000000000        0x0 HAL/lcd.o
 .data          0x0000000000000000        0x0 HAL/lcd.o
 .bss           0x0000000000000000        0x0 HAL/lcd.o
 .debug_macro   0x0000000000000000      0xa60 HAL/lcd.o
 .debug_macro   0x0000000000000000       0x18 HAL/lcd.o
 .debug_macro   0x0000000000000000       0x22 HAL/lcd.o
 .debug_macro   0x0000000000000000       0x40 HAL/lcd.o
 .debug_macro   0x0000000000000000       0x94 HAL/lcd.o
 .debug_macro   0x0000000000000000       0x3c HAL/lcd.o
 .debug_macro   0x0000000000000000       0x34 HAL/lcd.o
 .debug_macro   0x0000000000000000       0x16 HAL/lcd.o
 .debug_macro   0x0000000000000000      0x10e HAL/lcd.o
 .debug_macro   0x0000000000000000       0x8d HAL/lcd.o
 .debug_macro   0x0000000000000000       0x57 HAL/lcd.o
 .debug_macro   0x0000000000000000       0x52 HAL/lcd.o
 .debug_macro   0x0000000000000000       0x1f HAL/lcd.o
 .debug_macro   0x0000000000000000       0x43 HAL/lcd.o
 .debug_macro   0x0000000000000000       0x20 HAL/lcd.o
 .debug_macro   0x0000000000000000      0x1a3 HAL/lcd.o
 .debug_macro   0x0000000000000000      0x330 HAL/lcd.o
 .debug_macro   0x0000000000000000       0x16 HAL/lcd.o
 .debug_macro   0x0000000000000000       0x29 HAL/lcd.o
 .debug_macro   0x0000000000000000       0x6a HAL/lcd.o
 .debug_macro   0x0000000000000000       0xef HAL/lcd.o
 .debug_macro   0x0000000000000000      0x1df HAL/lcd.o
 .debug_macro   0x0000000000000000      0x1b0 HAL/lcd.o
 .debug_macro   0x0000000000000000       0xd0 HAL/lcd.o
 .group         0x0000000000000000        0xc Src/main.o
 .group         0x0000000000000000        0xc Src/main.o
 .group         0x0000000000000000        0xc Src/main.o
 .group         0x0000000000000000        0xc Src/main.o
 .group         0x0000000000000000        0xc Src/main.o
 .group         0x0000000000000000        0xc Src/main.o
 .group         0x0000000000000000        0xc Src/main.o
 .group         0x0000000000000000        0xc Src/main.o
 .group         0x0000000000000000        0xc Src/main.o
 .group         0x0000000000000000        0xc Src/main.o
 .group         0x0000000000000000        0xc Src/main.o
 .group         0x0000000000000000        0xc Src/main.o
 .group         0x0000000000000000        0xc Src/main.o
 .group         0x0000000000000000        0xc Src/main.o
 .group         0x0000000000000000        0xc Src/main.o
 .group         0x0000000000000000        0xc Src/main.o
 .group         0x0000000000000000        0xc Src/main.o
 .group         0x0000000000000000        0xc Src/main.o
 .group         0x0000000000000000        0xc Src/main.o
 .group         0x0000000000000000        0xc Src/main.o
 .group         0x0000000000000000        0xc Src/main.o
 .group         0x0000000000000000        0xc Src/main.o
 .group         0x0000000000000000        0xc Src/main.o
 .group         0x0000000000000000        0xc Src/main.o
 .group         0x0000000000000000        0xc Src/main.o
 .group         0x0000000000000000        0xc Src/main.o
 .group         0x0000000000000000        0xc Src/main.o
 .group         0x0000000000000000        0xc Src/main.o
 .group         0x0000000000000000        0xc Src/main.o
 .group         0x0000000000000000        0xc Src/main.o
 .group         0x0000000000000000        0xc Src/main.o
 .group         0x0000000000000000        0xc Src/main.o
 .group         0x0000000000000000        0xc Src/main.o
 .group         0x0000000000000000        0xc Src/main.o
 .group         0x0000000000000000        0xc Src/main.o
 .group         0x0000000000000000        0xc Src/main.o
 .group         0x0000000000000000        0xc Src/main.o
 .group         0x0000000000000000        0xc Src/main.o
 .group         0x0000000000000000        0xc Src/main.o
 .group         0x0000000000000000        0xc Src/main.o
 .group         0x0000000000000000        0xc Src/main.o
 .text          0x0000000000000000        0x0 Src/main.o
 .data          0x0000000000000000        0x0 Src/main.o
 .bss           0x0000000000000000        0x0 Src/main.o
 .debug_macro   0x0000000000000000      0xa60 Src/main.o
 .debug_macro   0x0000000000000000       0x18 Src/main.o
 .debug_macro   0x0000000000000000       0x22 Src/main.o
 .debug_macro   0x0000000000000000       0x40 Src/main.o
 .debug_macro   0x0000000000000000       0x94 Src/main.o
 .debug_macro   0x0000000000000000       0x3c Src/main.o
 .debug_macro   0x0000000000000000       0x34 Src/main.o
 .debug_macro   0x0000000000000000       0x16 Src/main.o
 .debug_macro   0x0000000000000000      0x10e Src/main.o
 .debug_macro   0x0000000000000000       0x8d Src/main.o
 .debug_macro   0x0000000000000000       0x57 Src/main.o
 .debug_macro   0x0000000000000000       0x52 Src/main.o
 .debug_macro   0x0000000000000000       0x1f Src/main.o
 .debug_macro   0x0000000000000000       0x43 Src/main.o
 .debug_macro   0x0000000000000000       0x20 Src/main.o
 .debug_macro   0x0000000000000000      0x1a3 Src/main.o
 .debug_macro   0x0000000000000000      0x330 Src/main.o
 .debug_macro   0x0000000000000000       0x16 Src/main.o
 .debug_macro   0x0000000000000000       0x29 Src/main.o
 .debug_macro   0x0000000000000000       0xef Src/main.o
 .debug_macro   0x0000000000000000       0x6a Src/main.o
 .debug_macro   0x0000000000000000      0x1df Src/main.o
 .debug_macro   0x0000000000000000      0x1b0 Src/main.o
 .debug_macro   0x0000000000000000       0xd0 Src/main.o
 .debug_macro   0x0000000000000000       0x3a Src/main.o
 .debug_macro   0x0000000000000000       0x1c Src/main.o
 .debug_macro   0x0000000000000000       0x35 Src/main.o
 .debug_macro   0x0000000000000000       0x10 Src/main.o
 .debug_macro   0x0000000000000000       0x10 Src/main.o
 .debug_macro   0x0000000000000000       0x1c Src/main.o
 .debug_macro   0x0000000000000000       0x52 Src/main.o
 .debug_macro   0x0000000000000000       0x40 Src/main.o
 .debug_macro   0x0000000000000000       0x10 Src/main.o
 .debug_macro   0x0000000000000000       0x40 Src/main.o
 .debug_macro   0x0000000000000000       0xd7 Src/main.o
 .debug_macro   0x0000000000000000       0x1c Src/main.o
 .debug_macro   0x0000000000000000       0x3d Src/main.o
 .debug_macro   0x0000000000000000       0x16 Src/main.o
 .debug_macro   0x0000000000000000      0x145 Src/main.o
 .debug_macro   0x0000000000000000       0x94 Src/main.o
 .group         0x0000000000000000        0xc Src/syscalls.o
 .group         0x0000000000000000        0xc Src/syscalls.o
 .group         0x0000000000000000        0xc Src/syscalls.o
 .group         0x0000000000000000        0xc Src/syscalls.o
 .group         0x0000000000000000        0xc Src/syscalls.o
 .group         0x0000000000000000        0xc Src/syscalls.o
 .group         0x0000000000000000        0xc Src/syscalls.o
 .group         0x0000000000000000        0xc Src/syscalls.o
 .group         0x0000000000000000        0xc Src/syscalls.o
 .group         0x0000000000000000        0xc Src/syscalls.o
 .group         0x0000000000000000        0xc Src/syscalls.o
 .group         0x0000000000000000        0xc Src/syscalls.o
 .group         0x0000000000000000        0xc Src/syscalls.o
 .group         0x0000000000000000        0xc Src/syscalls.o
 .group         0x0000000000000000        0xc Src/syscalls.o
 .group         0x0000000000000000        0xc Src/syscalls.o
 .group         0x0000000000000000        0xc Src/syscalls.o
 .group         0x0000000000000000        0xc Src/syscalls.o
 .group         0x0000000000000000        0xc Src/syscalls.o
 .group         0x0000000000000000        0xc Src/syscalls.o
 .group         0x0000000000000000        0xc Src/syscalls.o
 .group         0x0000000000000000        0xc Src/syscalls.o
 .group         0x0000000000000000        0xc Src/syscalls.o
 .group         0x0000000000000000        0xc Src/syscalls.o
 .group         0x0000000000000000        0xc Src/syscalls.o
 .group         0x0000000000000000        0xc Src/syscalls.o
 .group         0x0000000000000000        0xc Src/syscalls.o
 .group         0x0000000000000000        0xc Src/syscalls.o
 .group         0x0000000000000000        0xc Src/syscalls.o
 .group         0x0000000000000000        0xc Src/syscalls.o
 .group         0x0000000000000000        0xc Src/syscalls.o
 .group         0x0000000000000000        0xc Src/syscalls.o
 .group         0x0000000000000000        0xc Src/syscalls.o
 .group         0x0000000000000000        0xc Src/syscalls.o
 .group         0x0000000000000000        0xc Src/syscalls.o
 .group         0x0000000000000000        0xc Src/syscalls.o
 .group         0x0000000000000000        0xc Src/syscalls.o
 .group         0x0000000000000000        0xc Src/syscalls.o
 .group         0x0000000000000000        0xc Src/syscalls.o
 .group         0x0000000000000000        0xc Src/syscalls.o
 .group         0x0000000000000000        0xc Src/syscalls.o
 .group         0x0000000000000000        0xc Src/syscalls.o
 .group         0x0000000000000000        0xc Src/syscalls.o
 .group         0x0000000000000000        0xc Src/syscalls.o
 .text          0x0000000000000000        0x0 Src/syscalls.o
 .data          0x0000000000000000        0x0 Src/syscalls.o
 .bss           0x0000000000000000        0x0 Src/syscalls.o
 .bss.__env     0x0000000000000000        0x4 Src/syscalls.o
 .data.environ  0x0000000000000000        0x4 Src/syscalls.o
 .text.initialise_monitor_handles
                0x0000000000000000        0xc Src/syscalls.o
 .text._getpid  0x0000000000000000        0xe Src/syscalls.o
 .text._kill    0x0000000000000000       0x20 Src/syscalls.o
 .text._exit    0x0000000000000000       0x14 Src/syscalls.o
 .text._read    0x0000000000000000       0x3a Src/syscalls.o
 .text._write   0x0000000000000000       0x38 Src/syscalls.o
 .text._close   0x0000000000000000       0x16 Src/syscalls.o
 .text._fstat   0x0000000000000000       0x1e Src/syscalls.o
 .text._isatty  0x0000000000000000       0x14 Src/syscalls.o
 .text._lseek   0x0000000000000000       0x18 Src/syscalls.o
 .text._open    0x0000000000000000       0x1a Src/syscalls.o
 .text._wait    0x0000000000000000       0x1e Src/syscalls.o
 .text._unlink  0x0000000000000000       0x1e Src/syscalls.o
 .text._times   0x0000000000000000       0x16 Src/syscalls.o
 .text._stat    0x0000000000000000       0x1e Src/syscalls.o
 .text._link    0x0000000000000000       0x20 Src/syscalls.o
 .text._fork    0x0000000000000000       0x16 Src/syscalls.o
 .text._execve  0x0000000000000000       0x22 Src/syscalls.o
 .debug_info    0x0000000000000000     0x1038 Src/syscalls.o
 .debug_abbrev  0x0000000000000000      0x254 Src/syscalls.o
 .debug_loc     0x0000000000000000      0x5b8 Src/syscalls.o
 .debug_aranges
                0x0000000000000000       0xa8 Src/syscalls.o
 .debug_ranges  0x0000000000000000       0x98 Src/syscalls.o
 .debug_macro   0x0000000000000000      0x243 Src/syscalls.o
 .debug_macro   0x0000000000000000      0xa60 Src/syscalls.o
 .debug_macro   0x0000000000000000       0x22 Src/syscalls.o
 .debug_macro   0x0000000000000000       0x40 Src/syscalls.o
 .debug_macro   0x0000000000000000       0x18 Src/syscalls.o
 .debug_macro   0x0000000000000000       0x94 Src/syscalls.o
 .debug_macro   0x0000000000000000       0x3c Src/syscalls.o
 .debug_macro   0x0000000000000000       0x34 Src/syscalls.o
 .debug_macro   0x0000000000000000       0x57 Src/syscalls.o
 .debug_macro   0x0000000000000000      0x174 Src/syscalls.o
 .debug_macro   0x0000000000000000      0x330 Src/syscalls.o
 .debug_macro   0x0000000000000000       0x52 Src/syscalls.o
 .debug_macro   0x0000000000000000       0x1f Src/syscalls.o
 .debug_macro   0x0000000000000000       0x43 Src/syscalls.o
 .debug_macro   0x0000000000000000       0x20 Src/syscalls.o
 .debug_macro   0x0000000000000000      0x1a3 Src/syscalls.o
 .debug_macro   0x0000000000000000       0x10 Src/syscalls.o
 .debug_macro   0x0000000000000000       0x35 Src/syscalls.o
 .debug_macro   0x0000000000000000       0x10 Src/syscalls.o
 .debug_macro   0x0000000000000000       0x10 Src/syscalls.o
 .debug_macro   0x0000000000000000       0x10 Src/syscalls.o
 .debug_macro   0x0000000000000000       0x6a Src/syscalls.o
 .debug_macro   0x0000000000000000       0x1c Src/syscalls.o
 .debug_macro   0x0000000000000000       0x52 Src/syscalls.o
 .debug_macro   0x0000000000000000       0x40 Src/syscalls.o
 .debug_macro   0x0000000000000000       0x10 Src/syscalls.o
 .debug_macro   0x0000000000000000       0x40 Src/syscalls.o
 .debug_macro   0x0000000000000000       0xd7 Src/syscalls.o
 .debug_macro   0x0000000000000000       0x1c Src/syscalls.o
 .debug_macro   0x0000000000000000       0x3d Src/syscalls.o
 .debug_macro   0x0000000000000000       0x35 Src/syscalls.o
 .debug_macro   0x0000000000000000      0x122 Src/syscalls.o
 .debug_macro   0x0000000000000000       0x16 Src/syscalls.o
 .debug_macro   0x0000000000000000       0x16 Src/syscalls.o
 .debug_macro   0x0000000000000000       0x29 Src/syscalls.o
 .debug_macro   0x0000000000000000       0x10 Src/syscalls.o
 .debug_macro   0x0000000000000000      0x241 Src/syscalls.o
 .debug_macro   0x0000000000000000       0x1c Src/syscalls.o
 .debug_macro   0x0000000000000000       0x10 Src/syscalls.o
 .debug_macro   0x0000000000000000       0x10 Src/syscalls.o
 .debug_macro   0x0000000000000000       0x16 Src/syscalls.o
 .debug_macro   0x0000000000000000      0x145 Src/syscalls.o
 .debug_macro   0x0000000000000000      0x189 Src/syscalls.o
 .debug_macro   0x0000000000000000       0x16 Src/syscalls.o
 .debug_macro   0x0000000000000000       0x88 Src/syscalls.o
 .debug_line    0x0000000000000000      0x739 Src/syscalls.o
 .debug_str     0x0000000000000000     0x886f Src/syscalls.o
 .comment       0x0000000000000000       0x7c Src/syscalls.o
 .debug_frame   0x0000000000000000      0x2ac Src/syscalls.o
 .ARM.attributes
                0x0000000000000000       0x33 Src/syscalls.o
 .group         0x0000000000000000        0xc Src/sysmem.o
 .group         0x0000000000000000        0xc Src/sysmem.o
 .group         0x0000000000000000        0xc Src/sysmem.o
 .group         0x0000000000000000        0xc Src/sysmem.o
 .group         0x0000000000000000        0xc Src/sysmem.o
 .group         0x0000000000000000        0xc Src/sysmem.o
 .group         0x0000000000000000        0xc Src/sysmem.o
 .group         0x0000000000000000        0xc Src/sysmem.o
 .group         0x0000000000000000        0xc Src/sysmem.o
 .group         0x0000000000000000        0xc Src/sysmem.o
 .group         0x0000000000000000        0xc Src/sysmem.o
 .group         0x0000000000000000        0xc Src/sysmem.o
 .group         0x0000000000000000        0xc Src/sysmem.o
 .group         0x0000000000000000        0xc Src/sysmem.o
 .group         0x0000000000000000        0xc Src/sysmem.o
 .group         0x0000000000000000        0xc Src/sysmem.o
 .group         0x0000000000000000        0xc Src/sysmem.o
 .group         0x0000000000000000        0xc Src/sysmem.o
 .group         0x0000000000000000        0xc Src/sysmem.o
 .text          0x0000000000000000        0x0 Src/sysmem.o
 .data          0x0000000000000000        0x0 Src/sysmem.o
 .bss           0x0000000000000000        0x0 Src/sysmem.o
 .bss.__sbrk_heap_end
                0x0000000000000000        0x4 Src/sysmem.o
 .text._sbrk    0x0000000000000000       0x6c Src/sysmem.o
 .debug_info    0x0000000000000000      0xa7c Src/sysmem.o
 .debug_abbrev  0x0000000000000000      0x18e Src/sysmem.o
 .debug_loc     0x0000000000000000       0x50 Src/sysmem.o
 .debug_aranges
                0x0000000000000000       0x20 Src/sysmem.o
 .debug_ranges  0x0000000000000000       0x10 Src/sysmem.o
 .debug_macro   0x0000000000000000       0xee Src/sysmem.o
 .debug_macro   0x0000000000000000      0xa60 Src/sysmem.o
 .debug_macro   0x0000000000000000       0x10 Src/sysmem.o
 .debug_macro   0x0000000000000000       0x22 Src/sysmem.o
 .debug_macro   0x0000000000000000       0x40 Src/sysmem.o
 .debug_macro   0x0000000000000000       0x18 Src/sysmem.o
 .debug_macro   0x0000000000000000       0x94 Src/sysmem.o
 .debug_macro   0x0000000000000000       0x3c Src/sysmem.o
 .debug_macro   0x0000000000000000       0x34 Src/sysmem.o
 .debug_macro   0x0000000000000000      0x174 Src/sysmem.o
 .debug_macro   0x0000000000000000       0x57 Src/sysmem.o
 .debug_macro   0x0000000000000000       0x52 Src/sysmem.o
 .debug_macro   0x0000000000000000       0x1f Src/sysmem.o
 .debug_macro   0x0000000000000000       0x43 Src/sysmem.o
 .debug_macro   0x0000000000000000       0x20 Src/sysmem.o
 .debug_macro   0x0000000000000000      0x1a3 Src/sysmem.o
 .debug_macro   0x0000000000000000      0x23b Src/sysmem.o
 .debug_macro   0x0000000000000000       0xef Src/sysmem.o
 .debug_macro   0x0000000000000000       0x6a Src/sysmem.o
 .debug_macro   0x0000000000000000      0x1df Src/sysmem.o
 .debug_line    0x0000000000000000      0x4c2 Src/sysmem.o
 .debug_str     0x0000000000000000     0x5f3d Src/sysmem.o
 .comment       0x0000000000000000       0x7c Src/sysmem.o
 .debug_frame   0x0000000000000000       0x34 Src/sysmem.o
 .ARM.attributes
                0x0000000000000000       0x33 Src/sysmem.o
 .text          0x0000000000000000       0x14 Startup/startup_stm32f103c6tx.o
 .data          0x0000000000000000        0x0 Startup/startup_stm32f103c6tx.o
 .bss           0x0000000000000000        0x0 Startup/startup_stm32f103c6tx.o
 .group         0x0000000000000000        0xc Stm32_F103C6_Drivers/Stm32_F103C6_EXTI_driver.o
 .group         0x0000000000000000        0xc Stm32_F103C6_Drivers/Stm32_F103C6_EXTI_driver.o
 .group         0x0000000000000000        0xc Stm32_F103C6_Drivers/Stm32_F103C6_EXTI_driver.o
 .group         0x0000000000000000        0xc Stm32_F103C6_Drivers/Stm32_F103C6_EXTI_driver.o
 .group         0x0000000000000000        0xc Stm32_F103C6_Drivers/Stm32_F103C6_EXTI_driver.o
 .group         0x0000000000000000        0xc Stm32_F103C6_Drivers/Stm32_F103C6_EXTI_driver.o
 .group         0x0000000000000000        0xc Stm32_F103C6_Drivers/Stm32_F103C6_EXTI_driver.o
 .group         0x0000000000000000        0xc Stm32_F103C6_Drivers/Stm32_F103C6_EXTI_driver.o
 .group         0x0000000000000000        0xc Stm32_F103C6_Drivers/Stm32_F103C6_EXTI_driver.o
 .group         0x0000000000000000        0xc Stm32_F103C6_Drivers/Stm32_F103C6_EXTI_driver.o
 .group         0x0000000000000000        0xc Stm32_F103C6_Drivers/Stm32_F103C6_EXTI_driver.o
 .group         0x0000000000000000        0xc Stm32_F103C6_Drivers/Stm32_F103C6_EXTI_driver.o
 .group         0x0000000000000000        0xc Stm32_F103C6_Drivers/Stm32_F103C6_EXTI_driver.o
 .group         0x0000000000000000        0xc Stm32_F103C6_Drivers/Stm32_F103C6_EXTI_driver.o
 .group         0x0000000000000000        0xc Stm32_F103C6_Drivers/Stm32_F103C6_EXTI_driver.o
 .group         0x0000000000000000        0xc Stm32_F103C6_Drivers/Stm32_F103C6_EXTI_driver.o
 .group         0x0000000000000000        0xc Stm32_F103C6_Drivers/Stm32_F103C6_EXTI_driver.o
 .group         0x0000000000000000        0xc Stm32_F103C6_Drivers/Stm32_F103C6_EXTI_driver.o
 .group         0x0000000000000000        0xc Stm32_F103C6_Drivers/Stm32_F103C6_EXTI_driver.o
 .group         0x0000000000000000        0xc Stm32_F103C6_Drivers/Stm32_F103C6_EXTI_driver.o
 .group         0x0000000000000000        0xc Stm32_F103C6_Drivers/Stm32_F103C6_EXTI_driver.o
 .group         0x0000000000000000        0xc Stm32_F103C6_Drivers/Stm32_F103C6_EXTI_driver.o
 .group         0x0000000000000000        0xc Stm32_F103C6_Drivers/Stm32_F103C6_EXTI_driver.o
 .group         0x0000000000000000        0xc Stm32_F103C6_Drivers/Stm32_F103C6_EXTI_driver.o
 .group         0x0000000000000000        0xc Stm32_F103C6_Drivers/Stm32_F103C6_EXTI_driver.o
 .text          0x0000000000000000        0x0 Stm32_F103C6_Drivers/Stm32_F103C6_EXTI_driver.o
 .data          0x0000000000000000        0x0 Stm32_F103C6_Drivers/Stm32_F103C6_EXTI_driver.o
 .bss           0x0000000000000000        0x0 Stm32_F103C6_Drivers/Stm32_F103C6_EXTI_driver.o
 .text.MCAL_EXTI_GPIO_DeInit
                0x0000000000000000       0x94 Stm32_F103C6_Drivers/Stm32_F103C6_EXTI_driver.o
 .text.MCAL_EXTI_GPIO_Update
                0x0000000000000000       0x16 Stm32_F103C6_Drivers/Stm32_F103C6_EXTI_driver.o
 .debug_macro   0x0000000000000000      0xa60 Stm32_F103C6_Drivers/Stm32_F103C6_EXTI_driver.o
 .debug_macro   0x0000000000000000       0x18 Stm32_F103C6_Drivers/Stm32_F103C6_EXTI_driver.o
 .debug_macro   0x0000000000000000       0x22 Stm32_F103C6_Drivers/Stm32_F103C6_EXTI_driver.o
 .debug_macro   0x0000000000000000       0x40 Stm32_F103C6_Drivers/Stm32_F103C6_EXTI_driver.o
 .debug_macro   0x0000000000000000       0x94 Stm32_F103C6_Drivers/Stm32_F103C6_EXTI_driver.o
 .debug_macro   0x0000000000000000       0x3c Stm32_F103C6_Drivers/Stm32_F103C6_EXTI_driver.o
 .debug_macro   0x0000000000000000       0x34 Stm32_F103C6_Drivers/Stm32_F103C6_EXTI_driver.o
 .debug_macro   0x0000000000000000       0x16 Stm32_F103C6_Drivers/Stm32_F103C6_EXTI_driver.o
 .debug_macro   0x0000000000000000      0x10e Stm32_F103C6_Drivers/Stm32_F103C6_EXTI_driver.o
 .debug_macro   0x0000000000000000       0x8d Stm32_F103C6_Drivers/Stm32_F103C6_EXTI_driver.o
 .debug_macro   0x0000000000000000       0x57 Stm32_F103C6_Drivers/Stm32_F103C6_EXTI_driver.o
 .debug_macro   0x0000000000000000       0x52 Stm32_F103C6_Drivers/Stm32_F103C6_EXTI_driver.o
 .debug_macro   0x0000000000000000       0x1f Stm32_F103C6_Drivers/Stm32_F103C6_EXTI_driver.o
 .debug_macro   0x0000000000000000       0x43 Stm32_F103C6_Drivers/Stm32_F103C6_EXTI_driver.o
 .debug_macro   0x0000000000000000       0x20 Stm32_F103C6_Drivers/Stm32_F103C6_EXTI_driver.o
 .debug_macro   0x0000000000000000      0x1a3 Stm32_F103C6_Drivers/Stm32_F103C6_EXTI_driver.o
 .debug_macro   0x0000000000000000      0x330 Stm32_F103C6_Drivers/Stm32_F103C6_EXTI_driver.o
 .debug_macro   0x0000000000000000       0x16 Stm32_F103C6_Drivers/Stm32_F103C6_EXTI_driver.o
 .debug_macro   0x0000000000000000       0x29 Stm32_F103C6_Drivers/Stm32_F103C6_EXTI_driver.o
 .debug_macro   0x0000000000000000       0xef Stm32_F103C6_Drivers/Stm32_F103C6_EXTI_driver.o
 .debug_macro   0x0000000000000000       0x6a Stm32_F103C6_Drivers/Stm32_F103C6_EXTI_driver.o
 .debug_macro   0x0000000000000000      0x1df Stm32_F103C6_Drivers/Stm32_F103C6_EXTI_driver.o
 .debug_macro   0x0000000000000000       0xd0 Stm32_F103C6_Drivers/Stm32_F103C6_EXTI_driver.o
 .debug_macro   0x0000000000000000      0x224 Stm32_F103C6_Drivers/Stm32_F103C6_EXTI_driver.o
 .group         0x0000000000000000        0xc Stm32_F103C6_Drivers/Stm32_F103C6_gpio_driver.o
 .group         0x0000000000000000        0xc Stm32_F103C6_Drivers/Stm32_F103C6_gpio_driver.o
 .group         0x0000000000000000        0xc Stm32_F103C6_Drivers/Stm32_F103C6_gpio_driver.o
 .group         0x0000000000000000        0xc Stm32_F103C6_Drivers/Stm32_F103C6_gpio_driver.o
 .group         0x0000000000000000        0xc Stm32_F103C6_Drivers/Stm32_F103C6_gpio_driver.o
 .group         0x0000000000000000        0xc Stm32_F103C6_Drivers/Stm32_F103C6_gpio_driver.o
 .group         0x0000000000000000        0xc Stm32_F103C6_Drivers/Stm32_F103C6_gpio_driver.o
 .group         0x0000000000000000        0xc Stm32_F103C6_Drivers/Stm32_F103C6_gpio_driver.o
 .group         0x0000000000000000        0xc Stm32_F103C6_Drivers/Stm32_F103C6_gpio_driver.o
 .group         0x0000000000000000        0xc Stm32_F103C6_Drivers/Stm32_F103C6_gpio_driver.o
 .group         0x0000000000000000        0xc Stm32_F103C6_Drivers/Stm32_F103C6_gpio_driver.o
 .group         0x0000000000000000        0xc Stm32_F103C6_Drivers/Stm32_F103C6_gpio_driver.o
 .group         0x0000000000000000        0xc Stm32_F103C6_Drivers/Stm32_F103C6_gpio_driver.o
 .group         0x0000000000000000        0xc Stm32_F103C6_Drivers/Stm32_F103C6_gpio_driver.o
 .group         0x0000000000000000        0xc Stm32_F103C6_Drivers/Stm32_F103C6_gpio_driver.o
 .group         0x0000000000000000        0xc Stm32_F103C6_Drivers/Stm32_F103C6_gpio_driver.o
 .group         0x0000000000000000        0xc Stm32_F103C6_Drivers/Stm32_F103C6_gpio_driver.o
 .group         0x0000000000000000        0xc Stm32_F103C6_Drivers/Stm32_F103C6_gpio_driver.o
 .group         0x0000000000000000        0xc Stm32_F103C6_Drivers/Stm32_F103C6_gpio_driver.o
 .group         0x0000000000000000        0xc Stm32_F103C6_Drivers/Stm32_F103C6_gpio_driver.o
 .group         0x0000000000000000        0xc Stm32_F103C6_Drivers/Stm32_F103C6_gpio_driver.o
 .group         0x0000000000000000        0xc Stm32_F103C6_Drivers/Stm32_F103C6_gpio_driver.o
 .group         0x0000000000000000        0xc Stm32_F103C6_Drivers/Stm32_F103C6_gpio_driver.o
 .group         0x0000000000000000        0xc Stm32_F103C6_Drivers/Stm32_F103C6_gpio_driver.o
 .text          0x0000000000000000        0x0 Stm32_F103C6_Drivers/Stm32_F103C6_gpio_driver.o
 .data          0x0000000000000000        0x0 Stm32_F103C6_Drivers/Stm32_F103C6_gpio_driver.o
 .bss           0x0000000000000000        0x0 Stm32_F103C6_Drivers/Stm32_F103C6_gpio_driver.o
 .text.MCAL_GPIO_DeInit
                0x0000000000000000       0xd4 Stm32_F103C6_Drivers/Stm32_F103C6_gpio_driver.o
 .text.MCAL_GPIO_ReadPin
                0x0000000000000000       0x2e Stm32_F103C6_Drivers/Stm32_F103C6_gpio_driver.o
 .text.MCAL_GPIO_ReadPort
                0x0000000000000000       0x1a Stm32_F103C6_Drivers/Stm32_F103C6_gpio_driver.o
 .text.MCAL_GPIO_TogglePin
                0x0000000000000000       0x22 Stm32_F103C6_Drivers/Stm32_F103C6_gpio_driver.o
 .text.MCAL_GPIO_LockPin
                0x0000000000000000       0x4e Stm32_F103C6_Drivers/Stm32_F103C6_gpio_driver.o
 .debug_macro   0x0000000000000000      0xa60 Stm32_F103C6_Drivers/Stm32_F103C6_gpio_driver.o
 .debug_macro   0x0000000000000000       0x18 Stm32_F103C6_Drivers/Stm32_F103C6_gpio_driver.o
 .debug_macro   0x0000000000000000       0x22 Stm32_F103C6_Drivers/Stm32_F103C6_gpio_driver.o
 .debug_macro   0x0000000000000000       0x40 Stm32_F103C6_Drivers/Stm32_F103C6_gpio_driver.o
 .debug_macro   0x0000000000000000       0x94 Stm32_F103C6_Drivers/Stm32_F103C6_gpio_driver.o
 .debug_macro   0x0000000000000000       0x3c Stm32_F103C6_Drivers/Stm32_F103C6_gpio_driver.o
 .debug_macro   0x0000000000000000       0x34 Stm32_F103C6_Drivers/Stm32_F103C6_gpio_driver.o
 .debug_macro   0x0000000000000000       0x16 Stm32_F103C6_Drivers/Stm32_F103C6_gpio_driver.o
 .debug_macro   0x0000000000000000      0x10e Stm32_F103C6_Drivers/Stm32_F103C6_gpio_driver.o
 .debug_macro   0x0000000000000000       0x8d Stm32_F103C6_Drivers/Stm32_F103C6_gpio_driver.o
 .debug_macro   0x0000000000000000       0x57 Stm32_F103C6_Drivers/Stm32_F103C6_gpio_driver.o
 .debug_macro   0x0000000000000000       0x52 Stm32_F103C6_Drivers/Stm32_F103C6_gpio_driver.o
 .debug_macro   0x0000000000000000       0x1f Stm32_F103C6_Drivers/Stm32_F103C6_gpio_driver.o
 .debug_macro   0x0000000000000000       0x43 Stm32_F103C6_Drivers/Stm32_F103C6_gpio_driver.o
 .debug_macro   0x0000000000000000       0x20 Stm32_F103C6_Drivers/Stm32_F103C6_gpio_driver.o
 .debug_macro   0x0000000000000000      0x1a3 Stm32_F103C6_Drivers/Stm32_F103C6_gpio_driver.o
 .debug_macro   0x0000000000000000      0x330 Stm32_F103C6_Drivers/Stm32_F103C6_gpio_driver.o
 .debug_macro   0x0000000000000000       0x16 Stm32_F103C6_Drivers/Stm32_F103C6_gpio_driver.o
 .debug_macro   0x0000000000000000       0x29 Stm32_F103C6_Drivers/Stm32_F103C6_gpio_driver.o
 .debug_macro   0x0000000000000000       0xef Stm32_F103C6_Drivers/Stm32_F103C6_gpio_driver.o
 .debug_macro   0x0000000000000000       0x6a Stm32_F103C6_Drivers/Stm32_F103C6_gpio_driver.o
 .debug_macro   0x0000000000000000      0x1df Stm32_F103C6_Drivers/Stm32_F103C6_gpio_driver.o
 .debug_macro   0x0000000000000000      0x1b0 Stm32_F103C6_Drivers/Stm32_F103C6_gpio_driver.o
 .debug_macro   0x0000000000000000       0xd0 Stm32_F103C6_Drivers/Stm32_F103C6_gpio_driver.o
 .text          0x0000000000000000        0x0 c:/st/stm32cubeide_1.4.0/stm32cubeide/plugins/com.st.stm32cube.ide.mcu.externaltools.gnu-tools-for-stm32.7-2018-q2-update.win32_1.4.0.202007081208/tools/bin/../lib/gcc/arm-none-eabi/7.3.1/../../../../arm-none-eabi/lib/thumb/v7-m\libc_nano.a(lib_a-errno.o)
 .data          0x0000000000000000        0x0 c:/st/stm32cubeide_1.4.0/stm32cubeide/plugins/com.st.stm32cube.ide.mcu.externaltools.gnu-tools-for-stm32.7-2018-q2-update.win32_1.4.0.202007081208/tools/bin/../lib/gcc/arm-none-eabi/7.3.1/../../../../arm-none-eabi/lib/thumb/v7-m\libc_nano.a(lib_a-errno.o)
 .bss           0x0000000000000000        0x0 c:/st/stm32cubeide_1.4.0/stm32cubeide/plugins/com.st.stm32cube.ide.mcu.externaltools.gnu-tools-for-stm32.7-2018-q2-update.win32_1.4.0.202007081208/tools/bin/../lib/gcc/arm-none-eabi/7.3.1/../../../../arm-none-eabi/lib/thumb/v7-m\libc_nano.a(lib_a-errno.o)
 .text.__errno  0x0000000000000000        0xc c:/st/stm32cubeide_1.4.0/stm32cubeide/plugins/com.st.stm32cube.ide.mcu.externaltools.gnu-tools-for-stm32.7-2018-q2-update.win32_1.4.0.202007081208/tools/bin/../lib/gcc/arm-none-eabi/7.3.1/../../../../arm-none-eabi/lib/thumb/v7-m\libc_nano.a(lib_a-errno.o)
 .debug_frame   0x0000000000000000       0x20 c:/st/stm32cubeide_1.4.0/stm32cubeide/plugins/com.st.stm32cube.ide.mcu.externaltools.gnu-tools-for-stm32.7-2018-q2-update.win32_1.4.0.202007081208/tools/bin/../lib/gcc/arm-none-eabi/7.3.1/../../../../arm-none-eabi/lib/thumb/v7-m\libc_nano.a(lib_a-errno.o)
 .ARM.attributes
                0x0000000000000000       0x2d c:/st/stm32cubeide_1.4.0/stm32cubeide/plugins/com.st.stm32cube.ide.mcu.externaltools.gnu-tools-for-stm32.7-2018-q2-update.win32_1.4.0.202007081208/tools/bin/../lib/gcc/arm-none-eabi/7.3.1/../../../../arm-none-eabi/lib/thumb/v7-m\libc_nano.a(lib_a-errno.o)
 .text          0x0000000000000000        0x0 c:/st/stm32cubeide_1.4.0/stm32cubeide/plugins/com.st.stm32cube.ide.mcu.externaltools.gnu-tools-for-stm32.7-2018-q2-update.win32_1.4.0.202007081208/tools/bin/../lib/gcc/arm-none-eabi/7.3.1/../../../../arm-none-eabi/lib/thumb/v7-m\libc_nano.a(lib_a-exit.o)
 .data          0x0000000000000000        0x0 c:/st/stm32cubeide_1.4.0/stm32cubeide/plugins/com.st.stm32cube.ide.mcu.externaltools.gnu-tools-for-stm32.7-2018-q2-update.win32_1.4.0.202007081208/tools/bin/../lib/gcc/arm-none-eabi/7.3.1/../../../../arm-none-eabi/lib/thumb/v7-m\libc_nano.a(lib_a-exit.o)
 .bss           0x0000000000000000        0x0 c:/st/stm32cubeide_1.4.0/stm32cubeide/plugins/com.st.stm32cube.ide.mcu.externaltools.gnu-tools-for-stm32.7-2018-q2-update.win32_1.4.0.202007081208/tools/bin/../lib/gcc/arm-none-eabi/7.3.1/../../../../arm-none-eabi/lib/thumb/v7-m\libc_nano.a(lib_a-exit.o)
 .text.exit     0x0000000000000000       0x28 c:/st/stm32cubeide_1.4.0/stm32cubeide/plugins/com.st.stm32cube.ide.mcu.externaltools.gnu-tools-for-stm32.7-2018-q2-update.win32_1.4.0.202007081208/tools/bin/../lib/gcc/arm-none-eabi/7.3.1/../../../../arm-none-eabi/lib/thumb/v7-m\libc_nano.a(lib_a-exit.o)
 .debug_frame   0x0000000000000000       0x28 c:/st/stm32cubeide_1.4.0/stm32cubeide/plugins/com.st.stm32cube.ide.mcu.externaltools.gnu-tools-for-stm32.7-2018-q2-update.win32_1.4.0.202007081208/tools/bin/../lib/gcc/arm-none-eabi/7.3.1/../../../../arm-none-eabi/lib/thumb/v7-m\libc_nano.a(lib_a-exit.o)
 .ARM.attributes
                0x0000000000000000       0x2d c:/st/stm32cubeide_1.4.0/stm32cubeide/plugins/com.st.stm32cube.ide.mcu.externaltools.gnu-tools-for-stm32.7-2018-q2-update.win32_1.4.0.202007081208/tools/bin/../lib/gcc/arm-none-eabi/7.3.1/../../../../arm-none-eabi/lib/thumb/v7-m\libc_nano.a(lib_a-exit.o)
 .text          0x0000000000000000        0x0 c:/st/stm32cubeide_1.4.0/stm32cubeide/plugins/com.st.stm32cube.ide.mcu.externaltools.gnu-tools-for-stm32.7-2018-q2-update.win32_1.4.0.202007081208/tools/bin/../lib/gcc/arm-none-eabi/7.3.1/../../../../arm-none-eabi/lib/thumb/v7-m\libc_nano.a(lib_a-impure.o)
 .data          0x0000000000000000        0x0 c:/st/stm32cubeide_1.4.0/stm32cubeide/plugins/com.st.stm32cube.ide.mcu.externaltools.gnu-tools-for-stm32.7-2018-q2-update.win32_1.4.0.202007081208/tools/bin/../lib/gcc/arm-none-eabi/7.3.1/../../../../arm-none-eabi/lib/thumb/v7-m\libc_nano.a(lib_a-impure.o)
 .bss           0x0000000000000000        0x0 c:/st/stm32cubeide_1.4.0/stm32cubeide/plugins/com.st.stm32cube.ide.mcu.externaltools.gnu-tools-for-stm32.7-2018-q2-update.win32_1.4.0.202007081208/tools/bin/../lib/gcc/arm-none-eabi/7.3.1/../../../../arm-none-eabi/lib/thumb/v7-m\libc_nano.a(lib_a-impure.o)
 .data._impure_ptr
                0x0000000000000000        0x4 c:/st/stm32cubeide_1.4.0/stm32cubeide/plugins/com.st.stm32cube.ide.mcu.externaltools.gnu-tools-for-stm32.7-2018-q2-update.win32_1.4.0.202007081208/tools/bin/../lib/gcc/arm-none-eabi/7.3.1/../../../../arm-none-eabi/lib/thumb/v7-m\libc_nano.a(lib_a-impure.o)
 .data.impure_data
                0x0000000000000000       0x60 c:/st/stm32cubeide_1.4.0/stm32cubeide/plugins/com.st.stm32cube.ide.mcu.externaltools.gnu-tools-for-stm32.7-2018-q2-update.win32_1.4.0.202007081208/tools/bin/../lib/gcc/arm-none-eabi/7.3.1/../../../../arm-none-eabi/lib/thumb/v7-m\libc_nano.a(lib_a-impure.o)
 .rodata._global_impure_ptr
                0x0000000000000000        0x4 c:/st/stm32cubeide_1.4.0/stm32cubeide/plugins/com.st.stm32cube.ide.mcu.externaltools.gnu-tools-for-stm32.7-2018-q2-update.win32_1.4.0.202007081208/tools/bin/../lib/gcc/arm-none-eabi/7.3.1/../../../../arm-none-eabi/lib/thumb/v7-m\libc_nano.a(lib_a-impure.o)
 .ARM.attributes
                0x0000000000000000       0x2d c:/st/stm32cubeide_1.4.0/stm32cubeide/plugins/com.st.stm32cube.ide.mcu.externaltools.gnu-tools-for-stm32.7-2018-q2-update.win32_1.4.0.202007081208/tools/bin/../lib/gcc/arm-none-eabi/7.3.1/../../../../arm-none-eabi/lib/thumb/v7-m\libc_nano.a(lib_a-impure.o)
 .text          0x0000000000000000        0x0 c:/st/stm32cubeide_1.4.0/stm32cubeide/plugins/com.st.stm32cube.ide.mcu.externaltools.gnu-tools-for-stm32.7-2018-q2-update.win32_1.4.0.202007081208/tools/bin/../lib/gcc/arm-none-eabi/7.3.1/../../../../arm-none-eabi/lib/thumb/v7-m\libc_nano.a(lib_a-init.o)
 .data          0x0000000000000000        0x0 c:/st/stm32cubeide_1.4.0/stm32cubeide/plugins/com.st.stm32cube.ide.mcu.externaltools.gnu-tools-for-stm32.7-2018-q2-update.win32_1.4.0.202007081208/tools/bin/../lib/gcc/arm-none-eabi/7.3.1/../../../../arm-none-eabi/lib/thumb/v7-m\libc_nano.a(lib_a-init.o)
 .bss           0x0000000000000000        0x0 c:/st/stm32cubeide_1.4.0/stm32cubeide/plugins/com.st.stm32cube.ide.mcu.externaltools.gnu-tools-for-stm32.7-2018-q2-update.win32_1.4.0.202007081208/tools/bin/../lib/gcc/arm-none-eabi/7.3.1/../../../../arm-none-eabi/lib/thumb/v7-m\libc_nano.a(lib_a-init.o)
 .text          0x0000000000000000        0x0 c:/st/stm32cubeide_1.4.0/stm32cubeide/plugins/com.st.stm32cube.ide.mcu.externaltools.gnu-tools-for-stm32.7-2018-q2-update.win32_1.4.0.202007081208/tools/bin/../lib/gcc/arm-none-eabi/7.3.1/../../../../arm-none-eabi/lib/thumb/v7-m\libc_nano.a(lib_a-memset.o)
 .data          0x0000000000000000        0x0 c:/st/stm32cubeide_1.4.0/stm32cubeide/plugins/com.st.stm32cube.ide.mcu.externaltools.gnu-tools-for-stm32.7-2018-q2-update.win32_1.4.0.202007081208/tools/bin/../lib/gcc/arm-none-eabi/7.3.1/../../../../arm-none-eabi/lib/thumb/v7-m\libc_nano.a(lib_a-memset.o)
 .bss           0x0000000000000000        0x0 c:/st/stm32cubeide_1.4.0/stm32cubeide/plugins/com.st.stm32cube.ide.mcu.externaltools.gnu-tools-for-stm32.7-2018-q2-update.win32_1.4.0.202007081208/tools/bin/../lib/gcc/arm-none-eabi/7.3.1/../../../../arm-none-eabi/lib/thumb/v7-m\libc_nano.a(lib_a-memset.o)
 .text.memset   0x0000000000000000       0x10 c:/st/stm32cubeide_1.4.0/stm32cubeide/plugins/com.st.stm32cube.ide.mcu.externaltools.gnu-tools-for-stm32.7-2018-q2-update.win32_1.4.0.202007081208/tools/bin/../lib/gcc/arm-none-eabi/7.3.1/../../../../arm-none-eabi/lib/thumb/v7-m\libc_nano.a(lib_a-memset.o)
 .debug_frame   0x0000000000000000       0x20 c:/st/stm32cubeide_1.4.0/stm32cubeide/plugins/com.st.stm32cube.ide.mcu.externaltools.gnu-tools-for-stm32.7-2018-q2-update.win32_1.4.0.202007081208/tools/bin/../lib/gcc/arm-none-eabi/7.3.1/../../../../arm-none-eabi/lib/thumb/v7-m\libc_nano.a(lib_a-memset.o)
 .ARM.attributes
                0x0000000000000000       0x2d c:/st/stm32cubeide_1.4.0/stm32cubeide/plugins/com.st.stm32cube.ide.mcu.externaltools.gnu-tools-for-stm32.7-2018-q2-update.win32_1.4.0.202007081208/tools/bin/../lib/gcc/arm-none-eabi/7.3.1/../../../../arm-none-eabi/lib/thumb/v7-m\libc_nano.a(lib_a-memset.o)
 .text          0x0000000000000000        0x0 c:/st/stm32cubeide_1.4.0/stm32cubeide/plugins/com.st.stm32cube.ide.mcu.externaltools.gnu-tools-for-stm32.7-2018-q2-update.win32_1.4.0.202007081208/tools/bin/../lib/gcc/arm-none-eabi/7.3.1/thumb/v7-m/crtend.o
 .data          0x0000000000000000        0x0 c:/st/stm32cubeide_1.4.0/stm32cubeide/plugins/com.st.stm32cube.ide.mcu.externaltools.gnu-tools-for-stm32.7-2018-q2-update.win32_1.4.0.202007081208/tools/bin/../lib/gcc/arm-none-eabi/7.3.1/thumb/v7-m/crtend.o
 .bss           0x0000000000000000        0x0 c:/st/stm32cubeide_1.4.0/stm32cubeide/plugins/com.st.stm32cube.ide.mcu.externaltools.gnu-tools-for-stm32.7-2018-q2-update.win32_1.4.0.202007081208/tools/bin/../lib/gcc/arm-none-eabi/7.3.1/thumb/v7-m/crtend.o
 .eh_frame      0x0000000000000000        0x4 c:/st/stm32cubeide_1.4.0/stm32cubeide/plugins/com.st.stm32cube.ide.mcu.externaltools.gnu-tools-for-stm32.7-2018-q2-update.win32_1.4.0.202007081208/tools/bin/../lib/gcc/arm-none-eabi/7.3.1/thumb/v7-m/crtend.o
 .ARM.attributes
                0x0000000000000000       0x2d c:/st/stm32cubeide_1.4.0/stm32cubeide/plugins/com.st.stm32cube.ide.mcu.externaltools.gnu-tools-for-stm32.7-2018-q2-update.win32_1.4.0.202007081208/tools/bin/../lib/gcc/arm-none-eabi/7.3.1/thumb/v7-m/crtend.o
 .text          0x0000000000000000        0x0 c:/st/stm32cubeide_1.4.0/stm32cubeide/plugins/com.st.stm32cube.ide.mcu.externaltools.gnu-tools-for-stm32.7-2018-q2-update.win32_1.4.0.202007081208/tools/bin/../lib/gcc/arm-none-eabi/7.3.1/thumb/v7-m/crtn.o
 .data          0x0000000000000000        0x0 c:/st/stm32cubeide_1.4.0/stm32cubeide/plugins/com.st.stm32cube.ide.mcu.externaltools.gnu-tools-for-stm32.7-2018-q2-update.win32_1.4.0.202007081208/tools/bin/../lib/gcc/arm-none-eabi/7.3.1/thumb/v7-m/crtn.o
 .bss           0x0000000000000000        0x0 c:/st/stm32cubeide_1.4.0/stm32cubeide/plugins/com.st.stm32cube.ide.mcu.externaltools.gnu-tools-for-stm32.7-2018-q2-update.win32_1.4.0.202007081208/tools/bin/../lib/gcc/arm-none-eabi/7.3.1/thumb/v7-m/crtn.o

Memory Configuration

Name             Origin             Length             Attributes
RAM              0x0000000020000000 0x0000000000002800 xrw
ROM              0x0000000008000000 0x0000000000008000 xr
*default*        0x0000000000000000 0xffffffffffffffff

Linker script and memory map

LOAD c:/st/stm32cubeide_1.4.0/stm32cubeide/plugins/com.st.stm32cube.ide.mcu.externaltools.gnu-tools-for-stm32.7-2018-q2-update.win32_1.4.0.202007081208/tools/bin/../lib/gcc/arm-none-eabi/7.3.1/thumb/v7-m/crti.o
LOAD c:/st/stm32cubeide_1.4.0/stm32cubeide/plugins/com.st.stm32cube.ide.mcu.externaltools.gnu-tools-for-stm32.7-2018-q2-update.win32_1.4.0.202007081208/tools/bin/../lib/gcc/arm-none-eabi/7.3.1/thumb/v7-m/crtbegin.o
LOAD c:/st/stm32cubeide_1.4.0/stm32cubeide/plugins/com.st.stm32cube.ide.mcu.externaltools.gnu-tools-for-stm32.7-2018-q2-update.win32_1.4.0.202007081208/tools/bin/../lib/gcc/arm-none-eabi/7.3.1/../../../../arm-none-eabi/lib/thumb/v7-m/crt0.o
LOAD HAL/keypad.o
LOAD HAL/lcd.o
LOAD Src/main.o
LOAD Src/syscalls.o
LOAD Src/sysmem.o
LOAD Startup/startup_stm32f103c6tx.o
LOAD Stm32_F103C6_Drivers/Stm32_F103C6_EXTI_driver.o
LOAD Stm32_F103C6_Drivers/Stm32_F103C6_gpio_driver.o
START GROUP
LOAD c:/st/stm32cubeide_1.4.0/stm32cubeide/plugins/com.st.stm32cube.ide.mcu.externaltools.gnu-tools-for-stm32.7-2018-q2-update.win32_1.4.0.202007081208/tools/bin/../lib/gcc/arm-none-eabi/7.3.1/../../../../arm-none-eabi/lib/thumb/v7-m\libc_nano.a
LOAD c:/st/stm32cubeide_1.4.0/stm32cubeide/plugins/com.st.stm32cube.ide.mcu.externaltools.gnu-tools-for-stm32.7-2018-q2-update.win32_1.4.0.202007081208/tools/bin/../lib/gcc/arm-none-eabi/7.3.1/../../../../arm-none-eabi/lib/thumb/v7-m\libm.a
END GROUP
START GROUP
LOAD c:/st/stm32cubeide_1.4.0/stm32cubeide/plugins/com.st.stm32cube.ide.mcu.externaltools.gnu-tools-for-stm32.7-2018-q2-update.win32_1.4.0.202007081208/tools/bin/../lib/gcc/arm-none-eabi/7.3.1/thumb/v7-m\libgcc.a
LOAD c:/st/stm32cubeide_1.4.0/stm32cubeide/plugins/com.st.stm32cube.ide.mcu.externaltools.gnu-tools-for-stm32.7-2018-q2-update.win32_1.4.0.202007081208/tools/bin/../lib/gcc/arm-none-eabi/7.3.1/../../../../arm-none-eabi/lib/thumb/v7-m\libg_nano.a
LOAD c:/st/stm32cubeide_1.4.0/stm32cubeide/plugins/com.st.stm32cube.ide.mcu.externaltools.gnu-tools-for-stm32.7-2018-q2-update.win32_1.4.0.202007081208/tools/bin/../lib/gcc/arm-none-eabi/7.3.1/../../../../arm-none-eabi/lib/thumb/v7-m\libc_nano.a
END GROUP
START GROUP
LOAD c:/st/stm32cubeide_1.4.0/stm32cubeide/plugins/com.st.stm32cube.ide.mcu.externaltools.gnu-tools-for-stm32.7-2018-q2-update.win32_1.4.0.202007081208/tools/bin/../lib/gcc/arm-none-eabi/7.3.1/thumb/v7-m\libgcc.a
LOAD c:/st/stm32cubeide_1.4.0/stm32cubeide/plugins/com.st.stm32cube.ide.mcu.externaltools.gnu-tools-for-stm32.7-2018-q2-update.win32_1.4.0.202007081208/tools/bin/../lib/gcc/arm-none-eabi/7.3.1/../../../../arm-none-eabi/lib/thumb/v7-m\libc_nano.a
LOAD c:/st/stm32cubeide_1.4.0/stm32cubeide/plugins/com.st.stm32cube.ide.mcu.externaltools.gnu-tools-for-stm32.7-2018-q2-update.win32_1.4.0.202007081208/tools/bin/../lib/gcc/arm-none-eabi/7.3.1/../../../../arm-none-eabi/lib/thumb/v7-m\libnosys.a
END GROUP
START GROUP
LOAD c:/st/stm32cubeide_1.4.0/stm32cubeide/plugins/com.st.stm32cube.ide.mcu.externaltools.gnu-tools-for-stm32.7-2018-q2-update.win32_1.4.0.202007081208/tools/bin/../lib/gcc/arm-none-eabi/7.3.1/thumb/v7-m\libgcc.a
LOAD c:/st/stm32cubeide_1.4.0/stm32cubeide/plugins/com.st.stm32cube.ide.mcu.externaltools.gnu-tools-for-stm32.7-2018-q2-update.win32_1.4.0.202007081208/tools/bin/../lib/gcc/arm-none-eabi/7.3.1/../../../../arm-none-eabi/lib/thumb/v7-m\libc_nano.a
LOAD c:/st/stm32cubeide_1.4.0/stm32cubeide/plugins/com.st.stm32cube.ide.mcu.externaltools.gnu-tools-for-stm32.7-2018-q2-update.win32_1.4.0.202007081208/tools/bin/../lib/gcc/arm-none-eabi/7.3.1/../../../../arm-none-eabi/lib/thumb/v7-m\libnosys.a
END GROUP
LOAD c:/st/stm32cubeide_1.4.0/stm32cubeide/plugins/com.st.stm32cube.ide.mcu.externaltools.gnu-tools-for-stm32.7-2018-q2-update.win32_1.4.0.202007081208/tools/bin/../lib/gcc/arm-none-eabi/7.3.1/thumb/v7-m/crtend.o
LOAD c:/st/stm32cubeide_1.4.0/stm32cubeide/plugins/com.st.stm32cube.ide.mcu.externaltools.gnu-tools-for-stm32.7-2018-q2-update.win32_1.4.0.202007081208/tools/bin/../lib/gcc/arm-none-eabi/7.3.1/thumb/v7-m/crtn.o
                0x0000000020002800                _estack = (ORIGIN (RAM) + LENGTH (RAM))
                0x0000000000000200                _Min_Heap_Size = 0x200
                0x0000000000000400                _Min_Stack_Size = 0x400

.isr_vector     0x0000000008000000      0x130
                0x0000000008000000                . = ALIGN (0x4)
 *(.isr_vector)
 .isr_vector    0x0000000008000000      0x130 Startup/startup_stm32f103c6tx.o
                0x0000000008000000                g_pfnVectors
                0x0000000008000130                . = ALIGN (0x4)

.text           0x0000000008000130      0xcc0
                0x0000000008000130                . = ALIGN (0x4)
 *(.text)
 .text          0x0000000008000130       0x40 c:/st/stm32cubeide_1.4.0/stm32cubeide/plugins/com.st.stm32cube.ide.mcu.externaltools.gnu-tools-for-stm32.7-2018-q2-update.win32_1.4.0.202007081208/tools/bin/../lib/gcc/arm-none-eabi/7.3.1/thumb/v7-m/crtbegin.o
 *(.text*)
 .text.delay_ms
                0x0000000008000170       0x38 HAL/lcd.o
                0x0000000008000170                delay_ms
 .text.LCD_Init
                0x00000000080001a8      0x178 HAL/lcd.o
                0x00000000080001a8                LCD_Init
 .text.LCD_WRITE_COMMAND
                0x0000000008000320       0x44 HAL/lcd.o
                0x0000000008000320                LCD_WRITE_COMMAND
 .text.LCD_Clear
                0x0000000008000364       0x24 HAL/lcd.o
                0x0000000008000364                LCD_Clear
 .text.LCD_WRITE_CHAR
                0x0000000008000388       0x80 HAL/lcd.o
                0x0000000008000388                LCD_WRITE_CHAR
 .text.LCD_WRITE_STRING
                0x0000000008000408       0x28 HAL/lcd.o
                0x0000000008000408                LCD_WRITE_STRING
 .text.LCD_kick
                0x0000000008000430       0x2c HAL/lcd.o
                0x0000000008000430                LCD_kick
 .text.LCD_GOTO_XY
                0x000000000800045c       0x48 HAL/lcd.o
                0x000000000800045c                LCD_GOTO_XY
 .text.wait_ms  0x00000000080004a4       0x38 Src/main.o
                0x00000000080004a4                wait_ms
 .text.EXTI9_CallBack
                0x00000000080004dc       0x24 Src/main.o
                0x00000000080004dc                EXTI9_CallBack
 .text.main     0x0000000008000500       0x84 Src/main.o
                0x0000000008000500                main
 .text.Reset_Handler
                0x0000000008000584       0x50 Startup/startup_stm32f103c6tx.o
                0x0000000008000584                Reset_Handler
 .text.Default_Handler
                0x00000000080005d4        0x2 Startup/startup_stm32f103c6tx.o
                0x00000000080005d4                TIM8_TRG_COM_IRQHandler
                0x00000000080005d4                TIM8_CC_IRQHandler
                0x00000000080005d4                DebugMon_Handler
                0x00000000080005d4                TIM1_CC_IRQHandler
                0x00000000080005d4                HardFault_Handler
                0x00000000080005d4                TIM6_IRQHandler
                0x00000000080005d4                SysTick_Handler
                0x00000000080005d4                PVD_IRQHandler
                0x00000000080005d4                SDIO_IRQHandler
                0x00000000080005d4                PendSV_Handler
                0x00000000080005d4                NMI_Handler
                0x00000000080005d4                USB_HP_CAN_TX_IRQHandler
                0x00000000080005d4                I2C2_EV_IRQHandler
                0x00000000080005d4                UsageFault_Handler
                0x00000000080005d4                ADC1_2_IRQHandler
                0x00000000080005d4                SPI1_IRQHandler
                0x00000000080005d4                CAN_SCE_IRQHandler
                0x00000000080005d4                TAMPER_IRQHandler
                0x00000000080005d4                TIM8_UP_IRQHandler
                0x00000000080005d4                DMA2_Channel2_IRQHandler
                0x00000000080005d4                DMA1_Channel4_IRQHandler
                0x00000000080005d4                USART3_IRQHandler
                0x00000000080005d4                RTC_IRQHandler
                0x00000000080005d4                DMA1_Channel7_IRQHandler
                0x00000000080005d4                UART5_IRQHandler
                0x00000000080005d4                ADC3_IRQHandler
                0x00000000080005d4                TIM4_IRQHandler
                0x00000000080005d4                CAN_RX1_IRQHandler
                0x00000000080005d4                DMA2_Channel1_IRQHandler
                0x00000000080005d4                I2C1_EV_IRQHandler
                0x00000000080005d4                DMA1_Channel6_IRQHandler
                0x00000000080005d4                UART4_IRQHandler
                0x00000000080005d4                TIM3_IRQHandler
                0x00000000080005d4                RCC_IRQHandler
                0x00000000080005d4                TIM1_TRG_COM_IRQHandler
                0x00000000080005d4                DMA1_Channel1_IRQHandler
                0x00000000080005d4                Default_Handler
                0x00000000080005d4                TIM7_IRQHandler
                0x00000000080005d4                TIM5_IRQHandler
                0x00000000080005d4                SPI2_IRQHandler
                0x00000000080005d4                USB_LP_CAN_RX0_IRQHandler
                0x00000000080005d4                MemManage_Handler
                0x00000000080005d4                SVC_Handler
                0x00000000080005d4                DMA1_Channel5_IRQHandler
                0x00000000080005d4                DMA1_Channel3_IRQHandler
                0x00000000080005d4                FSMC_IRQHandler
                0x00000000080005d4                TIM1_UP_IRQHandler
                0x00000000080005d4                WWDG_IRQHandler
                0x00000000080005d4                TIM2_IRQHandler
                0x00000000080005d4                TIM1_BRK_IRQHandler
                0x00000000080005d4                RTCAlarm_IRQHandler
                0x00000000080005d4                DMA2_Channel4_5_IRQHandler
                0x00000000080005d4                USART2_IRQHandler
                0x00000000080005d4                I2C2_ER_IRQHandler
                0x00000000080005d4                DMA1_Channel2_IRQHandler
                0x00000000080005d4                TIM8_BRK_IRQHandler
                0x00000000080005d4                FLASH_IRQHandler
                0x00000000080005d4                BusFault_Handler
                0x00000000080005d4                USART1_IRQHandler
                0x00000000080005d4                SPI3_IRQHandler
                0x00000000080005d4                I2C1_ER_IRQHandler
                0x00000000080005d4                DMA2_Channel3_IRQHandler
 *fill*         0x00000000080005d6        0x2 
 .text.Enable_NVIC
                0x00000000080005d8       0xcc Stm32_F103C6_Drivers/Stm32_F103C6_EXTI_driver.o
                0x00000000080005d8                Enable_NVIC
 .text.Disable_NVIC
                0x00000000080006a4       0xcc Stm32_F103C6_Drivers/Stm32_F103C6_EXTI_driver.o
                0x00000000080006a4                Disable_NVIC
 .text.Update_EXTI
                0x0000000008000770      0x1d8 Stm32_F103C6_Drivers/Stm32_F103C6_EXTI_driver.o
                0x0000000008000770                Update_EXTI
 .text.MCAL_EXTI_GPIO_Init
                0x0000000008000948       0x16 Stm32_F103C6_Drivers/Stm32_F103C6_EXTI_driver.o
                0x0000000008000948                MCAL_EXTI_GPIO_Init
 *fill*         0x000000000800095e        0x2 
 .text.EXTI0_IRQHandler
                0x0000000008000960       0x24 Stm32_F103C6_Drivers/Stm32_F103C6_EXTI_driver.o
                0x0000000008000960                EXTI0_IRQHandler
 .text.EXTI1_IRQHandler
                0x0000000008000984       0x24 Stm32_F103C6_Drivers/Stm32_F103C6_EXTI_driver.o
                0x0000000008000984                EXTI1_IRQHandler
 .text.EXTI2_IRQHandler
                0x00000000080009a8       0x24 Stm32_F103C6_Drivers/Stm32_F103C6_EXTI_driver.o
                0x00000000080009a8                EXTI2_IRQHandler
 .text.EXTI3_IRQHandler
                0x00000000080009cc       0x24 Stm32_F103C6_Drivers/Stm32_F103C6_EXTI_driver.o
                0x00000000080009cc                EXTI3_IRQHandler
 .text.EXTI4_IRQHandler
                0x00000000080009f0       0x24 Stm32_F103C6_Drivers/Stm32_F103C6_EXTI_driver.o
                0x00000000080009f0                EXTI4_IRQHandler
 .text.EXTI9_5_IRQHandler
                0x0000000008000a14       0xa8 Stm32_F103C6_Drivers/Stm32_F103C6_EXTI_driver.o
                0x0000000008000a14                EXTI9_5_IRQHandler
 .text.EXTI15_10_IRQHandler
                0x0000000008000abc       0xc4 Stm32_F103C6_Drivers/Stm32_F103C6_EXTI_driver.o
                0x0000000008000abc                EXTI15_10_IRQHandler
 .text.Get_CRLH_Position
                0x0000000008000b80       0xc6 Stm32_F103C6_Drivers/Stm32_F103C6_gpio_driver.o
                0x0000000008000b80                Get_CRLH_Position
 .text.MCAL_GPIO_Init
                0x0000000008000c46       0xfe Stm32_F103C6_Drivers/Stm32_F103C6_gpio_driver.o
                0x0000000008000c46                MCAL_GPIO_Init
 .text.MCAL_GPIO_WritePin
                0x0000000008000d44       0x2e Stm32_F103C6_Drivers/Stm32_F103C6_gpio_driver.o
                0x0000000008000d44                MCAL_GPIO_WritePin
 .text.MCAL_GPIO_WritePort
                0x0000000008000d72       0x1c Stm32_F103C6_Drivers/Stm32_F103C6_gpio_driver.o
                0x0000000008000d72                MCAL_GPIO_WritePort
 *fill*         0x0000000008000d8e        0x2 
 .text.__libc_init_array
                0x0000000008000d90       0x48 c:/st/stm32cubeide_1.4.0/stm32cubeide/plugins/com.st.stm32cube.ide.mcu.externaltools.gnu-tools-for-stm32.7-2018-q2-update.win32_1.4.0.202007081208/tools/bin/../lib/gcc/arm-none-eabi/7.3.1/../../../../arm-none-eabi/lib/thumb/v7-m\libc_nano.a(lib_a-init.o)
                0x0000000008000d90                __libc_init_array
 *(.glue_7)
 .glue_7        0x0000000008000dd8        0x0 linker stubs
 *(.glue_7t)
 .glue_7t       0x0000000008000dd8        0x0 linker stubs
 *(.eh_frame)
 .eh_frame      0x0000000008000dd8        0x0 c:/st/stm32cubeide_1.4.0/stm32cubeide/plugins/com.st.stm32cube.ide.mcu.externaltools.gnu-tools-for-stm32.7-2018-q2-update.win32_1.4.0.202007081208/tools/bin/../lib/gcc/arm-none-eabi/7.3.1/thumb/v7-m/crtbegin.o
 *(.init)
 .init          0x0000000008000dd8        0x4 c:/st/stm32cubeide_1.4.0/stm32cubeide/plugins/com.st.stm32cube.ide.mcu.externaltools.gnu-tools-for-stm32.7-2018-q2-update.win32_1.4.0.202007081208/tools/bin/../lib/gcc/arm-none-eabi/7.3.1/thumb/v7-m/crti.o
                0x0000000008000dd8                _init
 .init          0x0000000008000ddc        0x8 c:/st/stm32cubeide_1.4.0/stm32cubeide/plugins/com.st.stm32cube.ide.mcu.externaltools.gnu-tools-for-stm32.7-2018-q2-update.win32_1.4.0.202007081208/tools/bin/../lib/gcc/arm-none-eabi/7.3.1/thumb/v7-m/crtn.o
 *(.fini)
 .fini          0x0000000008000de4        0x4 c:/st/stm32cubeide_1.4.0/stm32cubeide/plugins/com.st.stm32cube.ide.mcu.externaltools.gnu-tools-for-stm32.7-2018-q2-update.win32_1.4.0.202007081208/tools/bin/../lib/gcc/arm-none-eabi/7.3.1/thumb/v7-m/crti.o
                0x0000000008000de4                _fini
 .fini          0x0000000008000de8        0x8 c:/st/stm32cubeide_1.4.0/stm32cubeide/plugins/com.st.stm32cube.ide.mcu.externaltools.gnu-tools-for-stm32.7-2018-q2-update.win32_1.4.0.202007081208/tools/bin/../lib/gcc/arm-none-eabi/7.3.1/thumb/v7-m/crtn.o
                0x0000000008000df0                . = ALIGN (0x4)
                0x0000000008000df0                _etext = .

.vfp11_veneer   0x0000000008000df0        0x0
 .vfp11_veneer  0x0000000008000df0        0x0 linker stubs

.v4_bx          0x0000000008000df0        0x0
 .v4_bx         0x0000000008000df0        0x0 linker stubs

.iplt           0x0000000008000df0        0x0
 .iplt          0x0000000008000df0        0x0 c:/st/stm32cubeide_1.4.0/stm32cubeide/plugins/com.st.stm32cube.ide.mcu.externaltools.gnu-tools-for-stm32.7-2018-q2-update.win32_1.4.0.202007081208/tools/bin/../lib/gcc/arm-none-eabi/7.3.1/thumb/v7-m/crtbegin.o

.rodata         0x0000000008000df0       0x30
                0x0000000008000df0                . = ALIGN (0x4)
 *(.rodata)
 .rodata        0x0000000008000df0       0x30 Src/main.o
 *(.rodata*)
                0x0000000008000e20                . = ALIGN (0x4)

.rel.dyn        0x0000000008000e20        0x0
 .rel.iplt      0x0000000008000e20        0x0 c:/st/stm32cubeide_1.4.0/stm32cubeide/plugins/com.st.stm32cube.ide.mcu.externaltools.gnu-tools-for-stm32.7-2018-q2-update.win32_1.4.0.202007081208/tools/bin/../lib/gcc/arm-none-eabi/7.3.1/thumb/v7-m/crtbegin.o

.ARM.extab      0x0000000008000e20        0x0
                0x0000000008000e20                . = ALIGN (0x4)
 *(.ARM.extab* .gnu.linkonce.armextab.*)
                0x0000000008000e20                . = ALIGN (0x4)

.ARM            0x0000000008000e20        0x0
                0x0000000008000e20                . = ALIGN (0x4)
                0x0000000008000e20                __exidx_start = .
 *(.ARM.exidx*)
                0x0000000008000e20                __exidx_end = .
                0x0000000008000e20                . = ALIGN (0x4)

.preinit_array  0x0000000008000e20        0x0
                0x0000000008000e20                . = ALIGN (0x4)
                0x0000000008000e20                PROVIDE (__preinit_array_start = .)
 *(.preinit_array*)
                0x0000000008000e20                PROVIDE (__preinit_array_end = .)
                0x0000000008000e20                . = ALIGN (0x4)

.init_array     0x0000000008000e20        0x4
                0x0000000008000e20                . = ALIGN (0x4)
                0x0000000008000e20                PROVIDE (__init_array_start = .)
 *(SORT_BY_NAME(.init_array.*))
 *(.init_array*)
 .init_array    0x0000000008000e20        0x4 c:/st/stm32cubeide_1.4.0/stm32cubeide/plugins/com.st.stm32cube.ide.mcu.externaltools.gnu-tools-for-stm32.7-2018-q2-update.win32_1.4.0.202007081208/tools/bin/../lib/gcc/arm-none-eabi/7.3.1/thumb/v7-m/crtbegin.o
                0x0000000008000e24                PROVIDE (__init_array_end = .)
                0x0000000008000e24                . = ALIGN (0x4)

.fini_array     0x0000000008000e24        0x4
                0x0000000008000e24                . = ALIGN (0x4)
                [!provide]                        PROVIDE (__fini_array_start = .)
 *(SORT_BY_NAME(.fini_array.*))
 *(.fini_array*)
 .fini_array    0x0000000008000e24        0x4 c:/st/stm32cubeide_1.4.0/stm32cubeide/plugins/com.st.stm32cube.ide.mcu.externaltools.gnu-tools-for-stm32.7-2018-q2-update.win32_1.4.0.202007081208/tools/bin/../lib/gcc/arm-none-eabi/7.3.1/thumb/v7-m/crtbegin.o
                [!provide]                        PROVIDE (__fini_array_end = .)
                0x0000000008000e28                . = ALIGN (0x4)
                0x0000000008000e28                _sidata = LOADADDR (.data)

.data           0x0000000020000000        0x0 load address 0x0000000008000e28
                0x0000000020000000                . = ALIGN (0x4)
                0x0000000020000000                _sdata = .
 *(.data)
 *(.data*)
                0x0000000020000000                . = ALIGN (0x4)
                0x0000000020000000                _edata = .

.igot.plt       0x0000000020000000        0x0 load address 0x0000000008000e28
 .igot.plt      0x0000000020000000        0x0 c:/st/stm32cubeide_1.4.0/stm32cubeide/plugins/com.st.stm32cube.ide.mcu.externaltools.gnu-tools-for-stm32.7-2018-q2-update.win32_1.4.0.202007081208/tools/bin/../lib/gcc/arm-none-eabi/7.3.1/thumb/v7-m/crtbegin.o
                0x0000000020000000                . = ALIGN (0x4)

.bss            0x0000000020000000       0x64 load address 0x0000000008000e28
                0x0000000020000000                _sbss = .
                0x0000000020000000                __bss_start__ = _sbss
 *(.bss)
 .bss           0x0000000020000000       0x1c c:/st/stm32cubeide_1.4.0/stm32cubeide/plugins/com.st.stm32cube.ide.mcu.externaltools.gnu-tools-for-stm32.7-2018-q2-update.win32_1.4.0.202007081208/tools/bin/../lib/gcc/arm-none-eabi/7.3.1/thumb/v7-m/crtbegin.o
 *(.bss*)
 .bss.count     0x000000002000001c        0x4 HAL/lcd.o
 .bss.IRQ_flag  0x0000000020000020        0x4 Src/main.o
                0x0000000020000020                IRQ_flag
 *(COMMON)
 COMMON         0x0000000020000024        0x4 HAL/keypad.o
                0x0000000020000024                PinCfg
 COMMON         0x0000000020000028       0x3c Stm32_F103C6_Drivers/Stm32_F103C6_EXTI_driver.o
                0x0000000020000028                GP_IRQ_CallBack
                0x0000000020000064                . = ALIGN (0x4)
                0x0000000020000064                _ebss = .
                0x0000000020000064                __bss_end__ = _ebss

._user_heap_stack
                0x0000000020000064      0x604 load address 0x0000000008000e28
                0x0000000020000068                . = ALIGN (0x8)
 *fill*         0x0000000020000064        0x4 
                [!provide]                        PROVIDE (end = .)
                0x0000000020000068                PROVIDE (_end = .)
                0x0000000020000268                . = (. + _Min_Heap_Size)
 *fill*         0x0000000020000068      0x200 
                0x0000000020000668                . = (. + _Min_Stack_Size)
 *fill*         0x0000000020000268      0x400 
                0x0000000020000668                . = ALIGN (0x8)

/DISCARD/
 libc.a(*)
 libm.a(*)
 libgcc.a(*)

.ARM.attributes
                0x0000000000000000       0x29
 *(.ARM.attributes)
 .ARM.attributes
                0x0000000000000000       0x1d c:/st/stm32cubeide_1.4.0/stm32cubeide/plugins/com.st.stm32cube.ide.mcu.externaltools.gnu-tools-for-stm32.7-2018-q2-update.win32_1.4.0.202007081208/tools/bin/../lib/gcc/arm-none-eabi/7.3.1/thumb/v7-m/crti.o
 .ARM.attributes
                0x000000000000001d       0x2d c:/st/stm32cubeide_1.4.0/stm32cubeide/plugins/com.st.stm32cube.ide.mcu.externaltools.gnu-tools-for-stm32.7-2018-q2-update.win32_1.4.0.202007081208/tools/bin/../lib/gcc/arm-none-eabi/7.3.1/thumb/v7-m/crtbegin.o
 .ARM.attributes
                0x000000000000004a       0x33 HAL/keypad.o
 .ARM.attributes
                0x000000000000007d       0x33 HAL/lcd.o
 .ARM.attributes
                0x00000000000000b0       0x33 Src/main.o
 .ARM.attributes
                0x00000000000000e3       0x21 Startup/startup_stm32f103c6tx.o
 .ARM.attributes
                0x0000000000000104       0x33 Stm32_F103C6_Drivers/Stm32_F103C6_EXTI_driver.o
 .ARM.attributes
                0x0000000000000137       0x33 Stm32_F103C6_Drivers/Stm32_F103C6_gpio_driver.o
 .ARM.attributes
                0x000000000000016a       0x2d c:/st/stm32cubeide_1.4.0/stm32cubeide/plugins/com.st.stm32cube.ide.mcu.externaltools.gnu-tools-for-stm32.7-2018-q2-update.win32_1.4.0.202007081208/tools/bin/../lib/gcc/arm-none-eabi/7.3.1/../../../../arm-none-eabi/lib/thumb/v7-m\libc_nano.a(lib_a-init.o)
 .ARM.attributes
                0x0000000000000197       0x1d c:/st/stm32cubeide_1.4.0/stm32cubeide/plugins/com.st.stm32cube.ide.mcu.externaltools.gnu-tools-for-stm32.7-2018-q2-update.win32_1.4.0.202007081208/tools/bin/../lib/gcc/arm-none-eabi/7.3.1/thumb/v7-m/crtn.o
OUTPUT(Drivers1.elf elf32-littlearm)

.debug_info     0x0000000000000000     0x3e6f
 .debug_info    0x0000000000000000      0xb0a HAL/keypad.o
 .debug_info    0x0000000000000b0a      0xbd1 HAL/lcd.o
 .debug_info    0x00000000000016db      0xc5a Src/main.o
 .debug_info    0x0000000000002335       0x22 Startup/startup_stm32f103c6tx.o
 .debug_info    0x0000000000002357      0xdbf Stm32_F103C6_Drivers/Stm32_F103C6_EXTI_driver.o
 .debug_info    0x0000000000003116      0xd59 Stm32_F103C6_Drivers/Stm32_F103C6_gpio_driver.o

.debug_abbrev   0x0000000000000000      0xa1c
 .debug_abbrev  0x0000000000000000      0x1a6 HAL/keypad.o
 .debug_abbrev  0x00000000000001a6      0x242 HAL/lcd.o
 .debug_abbrev  0x00000000000003e8      0x1e0 Src/main.o
 .debug_abbrev  0x00000000000005c8       0x12 Startup/startup_stm32f103c6tx.o
 .debug_abbrev  0x00000000000005da      0x210 Stm32_F103C6_Drivers/Stm32_F103C6_EXTI_driver.o
 .debug_abbrev  0x00000000000007ea      0x232 Stm32_F103C6_Drivers/Stm32_F103C6_gpio_driver.o

.debug_loc      0x0000000000000000      0x9ac
 .debug_loc     0x0000000000000000       0x7c HAL/keypad.o
 .debug_loc     0x000000000000007c      0x220 HAL/lcd.o
 .debug_loc     0x000000000000029c       0xc0 Src/main.o
 .debug_loc     0x000000000000035c      0x320 Stm32_F103C6_Drivers/Stm32_F103C6_EXTI_driver.o
 .debug_loc     0x000000000000067c      0x330 Stm32_F103C6_Drivers/Stm32_F103C6_gpio_driver.o

.debug_aranges  0x0000000000000000      0x1b8
 .debug_aranges
                0x0000000000000000       0x28 HAL/keypad.o
 .debug_aranges
                0x0000000000000028       0x58 HAL/lcd.o
 .debug_aranges
                0x0000000000000080       0x30 Src/main.o
 .debug_aranges
                0x00000000000000b0       0x28 Startup/startup_stm32f103c6tx.o
 .debug_aranges
                0x00000000000000d8       0x80 Stm32_F103C6_Drivers/Stm32_F103C6_EXTI_driver.o
 .debug_aranges
                0x0000000000000158       0x60 Stm32_F103C6_Drivers/Stm32_F103C6_gpio_driver.o

.debug_ranges   0x0000000000000000      0x160
 .debug_ranges  0x0000000000000000       0x18 HAL/keypad.o
 .debug_ranges  0x0000000000000018       0x48 HAL/lcd.o
 .debug_ranges  0x0000000000000060       0x20 Src/main.o
 .debug_ranges  0x0000000000000080       0x20 Startup/startup_stm32f103c6tx.o
 .debug_ranges  0x00000000000000a0       0x70 Stm32_F103C6_Drivers/Stm32_F103C6_EXTI_driver.o
 .debug_ranges  0x0000000000000110       0x50 Stm32_F103C6_Drivers/Stm32_F103C6_gpio_driver.o

.debug_macro    0x0000000000000000     0x2a65
 .debug_macro   0x0000000000000000      0x152 HAL/keypad.o
 .debug_macro   0x0000000000000152      0xa60 HAL/keypad.o
 .debug_macro   0x0000000000000bb2       0x18 HAL/keypad.o
 .debug_macro   0x0000000000000bca       0x22 HAL/keypad.o
 .debug_macro   0x0000000000000bec       0x40 HAL/keypad.o
 .debug_macro   0x0000000000000c2c       0x94 HAL/keypad.o
 .debug_macro   0x0000000000000cc0       0x3c HAL/keypad.o
 .debug_macro   0x0000000000000cfc       0x34 HAL/keypad.o
 .debug_macro   0x0000000000000d30       0x16 HAL/keypad.o
 .debug_macro   0x0000000000000d46      0x10e HAL/keypad.o
 .debug_macro   0x0000000000000e54       0x8d HAL/keypad.o
 .debug_macro   0x0000000000000ee1       0x57 HAL/keypad.o
 .debug_macro   0x0000000000000f38       0x52 HAL/keypad.o
 .debug_macro   0x0000000000000f8a       0x1f HAL/keypad.o
 .debug_macro   0x0000000000000fa9       0x43 HAL/keypad.o
 .debug_macro   0x0000000000000fec       0x20 HAL/keypad.o
 .debug_macro   0x000000000000100c      0x1a3 HAL/keypad.o
 .debug_macro   0x00000000000011af      0x330 HAL/keypad.o
 .debug_macro   0x00000000000014df       0x16 HAL/keypad.o
 .debug_macro   0x00000000000014f5       0x29 HAL/keypad.o
 .debug_macro   0x000000000000151e       0xef HAL/keypad.o
 .debug_macro   0x000000000000160d       0x6a HAL/keypad.o
 .debug_macro   0x0000000000001677      0x1df HAL/keypad.o
 .debug_macro   0x0000000000001856      0x1b0 HAL/keypad.o
 .debug_macro   0x0000000000001a06       0xd0 HAL/keypad.o
 .debug_macro   0x0000000000001ad6       0x3a HAL/keypad.o
 .debug_macro   0x0000000000001b10      0x217 HAL/lcd.o
 .debug_macro   0x0000000000001d27       0x1c HAL/lcd.o
 .debug_macro   0x0000000000001d43       0x35 HAL/lcd.o
 .debug_macro   0x0000000000001d78       0x10 HAL/lcd.o
 .debug_macro   0x0000000000001d88       0x10 HAL/lcd.o
 .debug_macro   0x0000000000001d98       0x1c HAL/lcd.o
 .debug_macro   0x0000000000001db4       0x52 HAL/lcd.o
 .debug_macro   0x0000000000001e06       0x40 HAL/lcd.o
 .debug_macro   0x0000000000001e46       0x10 HAL/lcd.o
 .debug_macro   0x0000000000001e56       0x40 HAL/lcd.o
 .debug_macro   0x0000000000001e96       0xd7 HAL/lcd.o
 .debug_macro   0x0000000000001f6d       0x1c HAL/lcd.o
 .debug_macro   0x0000000000001f89       0x3d HAL/lcd.o
 .debug_macro   0x0000000000001fc6       0x16 HAL/lcd.o
 .debug_macro   0x0000000000001fdc      0x145 HAL/lcd.o
 .debug_macro   0x0000000000002121       0x94 HAL/lcd.o
 .debug_macro   0x00000000000021b5      0x241 Src/main.o
 .debug_macro   0x00000000000023f6      0x224 Src/main.o
 .debug_macro   0x000000000000261a      0x15c Stm32_F103C6_Drivers/Stm32_F103C6_EXTI_driver.o
 .debug_macro   0x0000000000002776      0x1b0 Stm32_F103C6_Drivers/Stm32_F103C6_EXTI_driver.o
 .debug_macro   0x0000000000002926      0x13f Stm32_F103C6_Drivers/Stm32_F103C6_gpio_driver.o

.debug_line     0x0000000000000000     0x2264
 .debug_line    0x0000000000000000      0x64f HAL/keypad.o
 .debug_line    0x000000000000064f      0x710 HAL/lcd.o
 .debug_line    0x0000000000000d5f      0x6b9 Src/main.o
 .debug_line    0x0000000000001418       0x84 Startup/startup_stm32f103c6tx.o
 .debug_line    0x000000000000149c      0x748 Stm32_F103C6_Drivers/Stm32_F103C6_EXTI_driver.o
 .debug_line    0x0000000000001be4      0x680 Stm32_F103C6_Drivers/Stm32_F103C6_gpio_driver.o

.debug_str      0x0000000000000000     0xa655
 .debug_str     0x0000000000000000     0x7a18 HAL/keypad.o
                                       0x7c79 (size before relaxing)
 .debug_str     0x0000000000007a18     0x14ad HAL/lcd.o
                                       0x905d (size before relaxing)
 .debug_str     0x0000000000008ec5     0x144b Src/main.o
                                       0xa4ae (size before relaxing)
 .debug_str     0x000000000000a310       0x31 Startup/startup_stm32f103c6tx.o
                                         0x60 (size before relaxing)
 .debug_str     0x000000000000a341      0x1fa Stm32_F103C6_Drivers/Stm32_F103C6_EXTI_driver.o
                                       0x9183 (size before relaxing)
 .debug_str     0x000000000000a53b      0x11a Stm32_F103C6_Drivers/Stm32_F103C6_gpio_driver.o
                                       0x7d0c (size before relaxing)

.comment        0x0000000000000000       0x7b
 .comment       0x0000000000000000       0x7b HAL/keypad.o
                                         0x7c (size before relaxing)
 .comment       0x000000000000007b       0x7c HAL/lcd.o
 .comment       0x000000000000007b       0x7c Src/main.o
 .comment       0x000000000000007b       0x7c Stm32_F103C6_Drivers/Stm32_F103C6_EXTI_driver.o
 .comment       0x000000000000007b       0x7c Stm32_F103C6_Drivers/Stm32_F103C6_gpio_driver.o

.debug_frame    0x0000000000000000      0x534
 .debug_frame   0x0000000000000000       0x50 HAL/keypad.o
 .debug_frame   0x0000000000000050      0x11c HAL/lcd.o
 .debug_frame   0x000000000000016c       0x74 Src/main.o
 .debug_frame   0x00000000000001e0      0x1b0 Stm32_F103C6_Drivers/Stm32_F103C6_EXTI_driver.o
 .debug_frame   0x0000000000000390      0x178 Stm32_F103C6_Drivers/Stm32_F103C6_gpio_driver.o
 .debug_frame   0x0000000000000508       0x2c c:/st/stm32cubeide_1.4.0/stm32cubeide/plugins/com.st.stm32cube.ide.mcu.externaltools.gnu-tools-for-stm32.7-2018-q2-update.win32_1.4.0.202007081208/tools/bin/../lib/gcc/arm-none-eabi/7.3.1/../../../../arm-none-eabi/lib/thumb/v7-m\libc_nano.a(lib_a-init.o)
