Archive member included to satisfy reference by file (symbol)

c:/st/stm32cubeide_1.4.0/stm32cubeide/plugins/com.st.stm32cube.ide.mcu.externaltools.gnu-tools-for-stm32.7-2018-q2-update.win32_1.4.0.202007081208/tools/bin/../lib/gcc/arm-none-eabi/7.3.1/../../../../arm-none-eabi/lib/thumb/v7-m\libc_nano.a(lib_a-errno.o)
                              Src/syscalls.o (__errno)
c:/st/stm32cubeide_1.4.0/stm32cubeide/plugins/com.st.stm32cube.ide.mcu.externaltools.gnu-tools-for-stm32.7-2018-q2-update.win32_1.4.0.202007081208/tools/bin/../lib/gcc/arm-none-eabi/7.3.1/../../../../arm-none-eabi/lib/thumb/v7-m\libc_nano.a(lib_a-exit.o)
                              c:/st/stm32cubeide_1.4.0/stm32cubeide/plugins/com.st.stm32cube.ide.mcu.externaltools.gnu-tools-for-stm32.7-2018-q2-update.win32_1.4.0.202007081208/tools/bin/../lib/gcc/arm-none-eabi/7.3.1/../../../../arm-none-eabi/lib/thumb/v7-m/crt0.o (exit)
c:/st/stm32cubeide_1.4.0/stm32cubeide/plugins/com.st.stm32cube.ide.mcu.externaltools.gnu-tools-for-stm32.7-2018-q2-update.win32_1.4.0.202007081208/tools/bin/../lib/gcc/arm-none-eabi/7.3.1/../../../../arm-none-eabi/lib/thumb/v7-m\libc_nano.a(lib_a-impure.o)
                              c:/st/stm32cubeide_1.4.0/stm32cubeide/plugins/com.st.stm32cube.ide.mcu.externaltools.gnu-tools-for-stm32.7-2018-q2-update.win32_1.4.0.202007081208/tools/bin/../lib/gcc/arm-none-eabi/7.3.1/../../../../arm-none-eabi/lib/thumb/v7-m\libc_nano.a(lib_a-exit.o) (_global_impure_ptr)
c:/st/stm32cubeide_1.4.0/stm32cubeide/plugins/com.st.stm32cube.ide.mcu.externaltools.gnu-tools-for-stm32.7-2018-q2-update.win32_1.4.0.202007081208/tools/bin/../lib/gcc/arm-none-eabi/7.3.1/../../../../arm-none-eabi/lib/thumb/v7-m\libc_nano.a(lib_a-init.o)
                              c:/st/stm32cubeide_1.4.0/stm32cubeide/plugins/com.st.stm32cube.ide.mcu.externaltools.gnu-tools-for-stm32.7-2018-q2-update.win32_1.4.0.202007081208/tools/bin/../lib/gcc/arm-none-eabi/7.3.1/../../../../arm-none-eabi/lib/thumb/v7-m/crt0.o (__libc_init_array)
c:/st/stm32cubeide_1.4.0/stm32cubeide/plugins/com.st.stm32cube.ide.mcu.externaltools.gnu-tools-for-stm32.7-2018-q2-update.win32_1.4.0.202007081208/tools/bin/../lib/gcc/arm-none-eabi/7.3.1/../../../../arm-none-eabi/lib/thumb/v7-m\libc_nano.a(lib_a-memset.o)
                              c:/st/stm32cubeide_1.4.0/stm32cubeide/plugins/com.st.stm32cube.ide.mcu.externaltools.gnu-tools-for-stm32.7-2018-q2-update.win32_1.4.0.202007081208/tools/bin/../lib/gcc/arm-none-eabi/7.3.1/../../../../arm-none-eabi/lib/thumb/v7-m/crt0.o (memset)

Allocating common symbols
Common symbol       size              file

PinCfg              0x4               HAL/keypad.o
ch                  0x2               Src/main.o
GP_IRQ_CallBack     0x3c              Stm32_F103C6_Drivers/Stm32_F103C6_EXTI_driver.o

Discarded input sections

 .text          0x0000000000000000        0x0 c:/st/stm32cubeide_1.4.0/stm32cubeide/plugins/com.st.stm32cube.ide.mcu.externaltools.gnu-tools-for-stm32.7-2018-q2-update.win32_1.4.0.202007081208/tools/bin/../lib/gcc/arm-none-eabi/7.3.1/thumb/v7-m/crti.o
 .data          0x0000000000000000        0x0 c:/st/stm32cubeide_1.4.0/stm32cubeide/plugins/com.st.stm32cube.ide.mcu.externaltools.gnu-tools-for-stm32.7-2018-q2-update.win32_1.4.0.202007081208/tools/bin/../lib/gcc/arm-none-eabi/7.3.1/thumb/v7-m/crti.o
 .bss           0x0000000000000000        0x0 c:/st/stm32cubeide_1.4.0/stm32cubeide/plugins/com.st.stm32cube.ide.mcu.externaltools.gnu-tools-for-stm32.7-2018-q2-update.win32_1.4.0.202007081208/tools/bin/../lib/gcc/arm-none-eabi/7.3.1/thumb/v7-m/crti.o
 .data          0x0000000000000000        0x4 c:/st/stm32cubeide_1.4.0/stm32cubeide/plugins/com.st.stm32cube.ide.mcu.externaltools.gnu-tools-for-stm32.7-2018-q2-update.win32_1.4.0.202007081208/tools/bin/../lib/gcc/arm-none-eabi/7.3.1/thumb/v7-m/crtbegin.o
 .text          0x0000000000000000       0x74 c:/st/stm32cubeide_1.4.0/stm32cubeide/plugins/com.st.stm32cube.ide.mcu.externaltools.gnu-tools-for-stm32.7-2018-q2-update.win32_1.4.0.202007081208/tools/bin/../lib/gcc/arm-none-eabi/7.3.1/../../../../arm-none-eabi/lib/thumb/v7-m/crt0.o
 .data          0x0000000000000000        0x0 c:/st/stm32cubeide_1.4.0/stm32cubeide/plugins/com.st.stm32cube.ide.mcu.externaltools.gnu-tools-for-stm32.7-2018-q2-update.win32_1.4.0.202007081208/tools/bin/../lib/gcc/arm-none-eabi/7.3.1/../../../../arm-none-eabi/lib/thumb/v7-m/crt0.o
 .bss           0x0000000000000000        0x0 c:/st/stm32cubeide_1.4.0/stm32cubeide/plugins/com.st.stm32cube.ide.mcu.externaltools.gnu-tools-for-stm32.7-2018-q2-update.win32_1.4.0.202007081208/tools/bin/../lib/gcc/arm-none-eabi/7.3.1/../../../../arm-none-eabi/lib/thumb/v7-m/crt0.o
 .ARM.extab     0x0000000000000000        0x0 c:/st/stm32cubeide_1.4.0/stm32cubeide/plugins/com.st.stm32cube.ide.mcu.externaltools.gnu-tools-for-stm32.7-2018-q2-update.win32_1.4.0.202007081208/tools/bin/../lib/gcc/arm-none-eabi/7.3.1/../../../../arm-none-eabi/lib/thumb/v7-m/crt0.o
[...]
Memory Configuration

Name             Origin             Length             Attributes
RAM              0x0000000020000000 0x0000000000002800 xrw
ROM              0x0000000008000000 0x0000000000008000 xr
*default*        0x0000000000000000 0xffffffffffffffff

Linker script and memory map

LOAD c:/st/stm32cubeide_1.4.0/stm32cubeide/plugins/com.st.stm32cube.ide.mcu.externaltools.gnu-tools-for-stm32.7-2018-q2-update.win32_1.4.0.202007081208/tools/bin/../lib/gcc/arm-none-eabi/7.3.1/thumb/v7-m/crti.o
LOAD c:/st/stm32cubeide_1.4.0/stm32cubeide/plugins/com.st.stm32cube.ide.mcu.externaltools.gnu-tools-for-stm32.7-2018-q2-update.win32_1.4.0.202007081208/tools/bin/../lib/gcc/arm-none-eabi/7.3.1/thumb/v7-m/crtbegin.o
LOAD c:/st/stm32cubeide_1.4.0/stm32cubeide/plugins/com.st.stm32cube.ide.mcu.externaltools.gnu-tools-for-stm32.7-2018-q2-update.win32_1.4.0.202007081208/tools/bin/../lib/gcc/arm-none-eabi/7.3.1/../../../../arm-none-eabi/lib/thumb/v7-m/crt0.o
LOAD HAL/keypad.o
LOAD HAL/lcd.o
LOAD Src/main.o
LOAD Src/syscalls.o
LOAD Src/sysmem.o
LOAD Startup/startup_stm32f103c6tx.o
LOAD Stm32_F103C6_Drivers/Stm32_F103C6_EXTI_driver.o
LOAD Stm32_F103C6_Drivers/Stm32_F103C6_GPIO_driver.o
LOAD Stm32_F103C6_Drivers/Stm32_F103C6_RCC_driver.o
LOAD Stm32_F103C6_Drivers/Stm32_F103C6_SPI_driver.o
LOAD Stm32_F103C6_Drivers/Stm32_F103C6_USART_driver.o
START GROUP
LOAD c:/st/stm32cubeide_1.4.0/stm32cubeide/plugins/com.st.stm32cube.ide.mcu.externaltools.gnu-tools-for-stm32.7-2018-q2-update.win32_1.4.0.202007081208/tools/bin/../lib/gcc/arm-none-eabi/7.3.1/../../../../arm-none-eabi/lib/thumb/v7-m\libc_nano.a
LOAD c:/st/stm32cubeide_1.4.0/stm32cubeide/plugins/com.st.stm32cube.ide.mcu.externaltools.gnu-tools-for-stm32.7-2018-q2-update.win32_1.4.0.202007081208/tools/bin/../lib/gcc/arm-none-eabi/7.3.1/../../../../arm-none-eabi/lib/thumb/v7-m\libm.a
END GROUP
START GROUP
LOAD c:/st/stm32cubeide_1.4.0/stm32cubeide/plugins/com.st.stm32cube.ide.mcu.externaltools.gnu-tools-for-stm32.7-2018-q2-update.win32_1.4.0.202007081208/tools/bin/../lib/gcc/arm-none-eabi/7.3.1/thumb/v7-m\libgcc.a
LOAD c:/st/stm32cubeide_1.4.0/stm32cubeide/plugins/com.st.stm32cube.ide.mcu.externaltools.gnu-tools-for-stm32.7-2018-q2-update.win32_1.4.0.202007081208/tools/bin/../lib/gcc/arm-none-eabi/7.3.1/../../../../arm-none-eabi/lib/thumb/v7-m\libg_nano.a
LOAD c:/st/stm32cubeide_1.4.0/stm32cubeide/plugins/com.st.stm32cube.ide.mcu.externaltools.gnu-tools-for-stm32.7-2018-q2-update.win32_1.4.0.202007081208/tools/bin/../lib/gcc/arm-none-eabi/7.3.1/../../../../arm-none-eabi/lib/thumb/v7-m\libc_nano.a
END GROUP
START GROUP
LOAD c:/st/stm32cubeide_1.4.0/stm32cubeide/plugins/com.st.stm32cube.ide.mcu.externaltools.gnu-tools-for-stm32.7-2018-q2-update.win32_1.4.0.202007081208/tools/bin/../lib/gcc/arm-none-eabi/7.3.1/thumb/v7-m\libgcc.a
LOAD c:/st/stm32cubeide_1.4.0/stm32cubeide/plugins/com.st.stm32cube.ide.mcu.externaltools.gnu-tools-for-stm32.7-2018-q2-update.win32_1.4.0.202007081208/tools/bin/../lib/gcc/arm-none-eabi/7.3.1/../../../../arm-none-eabi/lib/thumb/v7-m\libc_nano.a
LOAD c:/st/stm32cubeide_1.4.0/stm32cubeide/plugins/com.st.stm32cube.ide.mcu.externaltools.gnu-tools-for-stm32.7-2018-q2-update.win32_1.4.0.202007081208/tools/bin/../lib/gcc/arm-none-eabi/7.3.1/../../../../arm-none-eabi/lib/thumb/v7-m\libnosys.a
END GROUP
START GROUP
LOAD c:/st/stm32cubeide_1.4.0/stm32cubeide/plugins/com.st.stm32cube.ide.mcu.externaltools.gnu-tools-for-stm32.7-2018-q2-update.win32_1.4.0.202007081208/tools/bin/../lib/gcc/arm-none-eabi/7.3.1/thumb/v7-m\libgcc.a
LOAD c:/st/stm32cubeide_1.4.0/stm32cubeide/plugins/com.st.stm32cube.ide.mcu.externaltools.gnu-tools-for-stm32.7-2018-q2-update.win32_1.4.0.202007081208/tools/bin/../lib/gcc/arm-none-eabi/7.3.1/../../../../arm-none-eabi/lib/thumb/v7-m\libc_nano.a
LOAD c:/st/stm32cubeide_1.4.0/stm32cubeide/plugins/com.st.stm32cube.ide.mcu.externaltools.gnu-tools-for-stm32.7-2018-q2-update.win32_1.4.0.202007081208/tools/bin/../lib/gcc/arm-none-eabi/7.3.1/../../../../arm-none-eabi/lib/thumb/v7-m\libnosys.a
END GROUP
LOAD c:/st/stm32cubeide_1.4.0/stm32cubeide/plugins/com.st.stm32cube.ide.mcu.externaltools.gnu-tools-for-stm32.7-2018-q2-update.win32_1.4.0.202007081208/tools/bin/../lib/gcc/arm-none-eabi/7.3.1/thumb/v7-m/crtend.o
LOAD c:/st/stm32cubeide_1.4.0/stm32cubeide/plugins/com.st.stm32cube.ide.mcu.externaltools.gnu-tools-for-stm32.7-2018-q2-update.win32_1.4.0.202007081208/tools/bin/../lib/gcc/arm-none-eabi/7.3.1/thumb/v7-m/crtn.o
                0x0000000020002800                _estack = (ORIGIN (RAM) + LENGTH (RAM))
                0x0000000000000200                _Min_Heap_Size = 0x200
                0x0000000000000400                _Min_Stack_Size = 0x400

.isr_vector     0x0000000008000000      0x130
                0x0000000008000000                . = ALIGN (0x4)
 *(.isr_vector)
 .isr_vector    0x0000000008000000      0x130 Startup/startup_stm32f103c6tx.o
                0x0000000008000000                g_pfnVectors
                0x0000000008000130                . = ALIGN (0x4)

.text           0x0000000008000130      0xe34
                0x0000000008000130                . = ALIGN (0x4)
 *(.text)
 .text          0x0000000008000130       0x40 c:/st/stm32cubeide_1.4.0/stm32cubeide/plugins/com.st.stm32cube.ide.mcu.externaltools.gnu-tools-for-stm32.7-2018-q2-update.win32_1.4.0.202007081208/tools/bin/../lib/gcc/arm-none-eabi/7.3.1/thumb/v7-m/crtbegin.o
 *(.text*)
 .text.clock_init
                0x0000000008000170       0x34 Src/main.o
                0x0000000008000170                clock_init
 .text.USART_IRQ_CallBack
                0x00000000080001a4       0x4c Src/main.o
                0x00000000080001a4                USART_IRQ_CallBack
 .text.main     0x00000000080001f0       0xb0 Src/main.o
                0x00000000080001f0                main
 .text.Reset_Handler
                0x00000000080002a0       0x50 Startup/startup_stm32f103c6tx.o
                0x00000000080002a0                Reset_Handler
 .text.Default_Handler
                0x00000000080002f0        0x2 Startup/startup_stm32f103c6tx.o
                0x00000000080002f0                TIM8_TRG_COM_IRQHandler
                0x00000000080002f0                TIM8_CC_IRQHandler
                0x00000000080002f0                DebugMon_Handler
                0x00000000080002f0                TIM1_CC_IRQHandler
                0x00000000080002f0                HardFault_Handler
                0x00000000080002f0                TIM6_IRQHandler
                0x00000000080002f0                SysTick_Handler
                0x00000000080002f0                PVD_IRQHandler
                0x00000000080002f0                SDIO_IRQHandler
                0x00000000080002f0                PendSV_Handler
                0x00000000080002f0                NMI_Handler
                0x00000000080002f0                USB_HP_CAN_TX_IRQHandler
                0x00000000080002f0                I2C2_EV_IRQHandler
                0x00000000080002f0                UsageFault_Handler
                0x00000000080002f0                ADC1_2_IRQHandler
                0x00000000080002f0                CAN_SCE_IRQHandler
                0x00000000080002f0                TAMPER_IRQHandler
                0x00000000080002f0                TIM8_UP_IRQHandler
                0x00000000080002f0                DMA2_Channel2_IRQHandler
                0x00000000080002f0                DMA1_Channel4_IRQHandler
                0x00000000080002f0                RTC_IRQHandler
                0x00000000080002f0                DMA1_Channel7_IRQHandler
                0x00000000080002f0                UART5_IRQHandler
                0x00000000080002f0                ADC3_IRQHandler
                0x00000000080002f0                TIM4_IRQHandler
                0x00000000080002f0                CAN_RX1_IRQHandler
                0x00000000080002f0                DMA2_Channel1_IRQHandler
                0x00000000080002f0                I2C1_EV_IRQHandler
                0x00000000080002f0                DMA1_Channel6_IRQHandler
                0x00000000080002f0                UART4_IRQHandler
                0x00000000080002f0                TIM3_IRQHandler
                0x00000000080002f0                RCC_IRQHandler
                0x00000000080002f0                TIM1_TRG_COM_IRQHandler
                0x00000000080002f0                DMA1_Channel1_IRQHandler
                0x00000000080002f0                Default_Handler
                0x00000000080002f0                TIM7_IRQHandler
                0x00000000080002f0                TIM5_IRQHandler
                0x00000000080002f0                USB_LP_CAN_RX0_IRQHandler
                0x00000000080002f0                MemManage_Handler
                0x00000000080002f0                SVC_Handler
                0x00000000080002f0                DMA1_Channel5_IRQHandler
                0x00000000080002f0                DMA1_Channel3_IRQHandler
                0x00000000080002f0                FSMC_IRQHandler
                0x00000000080002f0                TIM1_UP_IRQHandler
                0x00000000080002f0                WWDG_IRQHandler
                0x00000000080002f0                TIM2_IRQHandler
                0x00000000080002f0                TIM1_BRK_IRQHandler
                0x00000000080002f0                RTCAlarm_IRQHandler
                0x00000000080002f0                DMA2_Channel4_5_IRQHandler
                0x00000000080002f0                I2C2_ER_IRQHandler
                0x00000000080002f0                DMA1_Channel2_IRQHandler
                0x00000000080002f0                TIM8_BRK_IRQHandler
                0x00000000080002f0                FLASH_IRQHandler
                0x00000000080002f0                BusFault_Handler
                0x00000000080002f0                SPI3_IRQHandler
                0x00000000080002f0                I2C1_ER_IRQHandler
                0x00000000080002f0                DMA2_Channel3_IRQHandler
 *fill*         0x00000000080002f2        0x2 
 .text.EXTI0_IRQHandler
                0x00000000080002f4       0x24 Stm32_F103C6_Drivers/Stm32_F103C6_EXTI_driver.o
                0x00000000080002f4                EXTI0_IRQHandler
 .text.EXTI1_IRQHandler
                0x0000000008000318       0x24 Stm32_F103C6_Drivers/Stm32_F103C6_EXTI_driver.o
                0x0000000008000318                EXTI1_IRQHandler
 .text.EXTI2_IRQHandler
                0x000000000800033c       0x24 Stm32_F103C6_Drivers/Stm32_F103C6_EXTI_driver.o
                0x000000000800033c                EXTI2_IRQHandler
 .text.EXTI3_IRQHandler
                0x0000000008000360       0x24 Stm32_F103C6_Drivers/Stm32_F103C6_EXTI_driver.o
                0x0000000008000360                EXTI3_IRQHandler
 .text.EXTI4_IRQHandler
                0x0000000008000384       0x24 Stm32_F103C6_Drivers/Stm32_F103C6_EXTI_driver.o
                0x0000000008000384                EXTI4_IRQHandler
 .text.EXTI9_5_IRQHandler
                0x00000000080003a8       0xa8 Stm32_F103C6_Drivers/Stm32_F103C6_EXTI_driver.o
                0x00000000080003a8                EXTI9_5_IRQHandler
 .text.EXTI15_10_IRQHandler
                0x0000000008000450       0xc4 Stm32_F103C6_Drivers/Stm32_F103C6_EXTI_driver.o
                0x0000000008000450                EXTI15_10_IRQHandler
 .text.Get_CRLH_Position
                0x0000000008000514       0xc6 Stm32_F103C6_Drivers/Stm32_F103C6_GPIO_driver.o
                0x0000000008000514                Get_CRLH_Position
 .text.MCAL_GPIO_Init
                0x00000000080005da       0xfe Stm32_F103C6_Drivers/Stm32_F103C6_GPIO_driver.o
                0x00000000080005da                MCAL_GPIO_Init
 .text.MCAL_GPIO_WritePin
                0x00000000080006d8       0x2e Stm32_F103C6_Drivers/Stm32_F103C6_GPIO_driver.o
                0x00000000080006d8                MCAL_GPIO_WritePin
 *fill*         0x0000000008000706        0x2 
 .text.MCAL_RCC_GetSYS_CLCKFreq
                0x0000000008000708       0x3c Stm32_F103C6_Drivers/Stm32_F103C6_RCC_driver.o
                0x0000000008000708                MCAL_RCC_GetSYS_CLCKFreq
 .text.MCAL_RCC_GetHCLKFreq
                0x0000000008000744       0x28 Stm32_F103C6_Drivers/Stm32_F103C6_RCC_driver.o
                0x0000000008000744                MCAL_RCC_GetHCLKFreq
 .text.MCAL_RCC_GetPCLK1Freq
                0x000000000800076c       0x28 Stm32_F103C6_Drivers/Stm32_F103C6_RCC_driver.o
                0x000000000800076c                MCAL_RCC_GetPCLK1Freq
 .text.MCAL_RCC_GetPCLK2Freq
                0x0000000008000794       0x28 Stm32_F103C6_Drivers/Stm32_F103C6_RCC_driver.o
                0x0000000008000794                MCAL_RCC_GetPCLK2Freq
 .text.MCAL_SPI_Init
                0x00000000080007bc      0x130 Stm32_F103C6_Drivers/Stm32_F103C6_SPI_driver.o
                0x00000000080007bc                MCAL_SPI_Init
 .text.MCAL_SPI_RX_TX
                0x00000000080008ec       0x54 Stm32_F103C6_Drivers/Stm32_F103C6_SPI_driver.o
                0x00000000080008ec                MCAL_SPI_RX_TX
 .text.MCAL_SPI_GPIO_Set_Pins
                0x0000000008000940      0x1ec Stm32_F103C6_Drivers/Stm32_F103C6_SPI_driver.o
                0x0000000008000940                MCAL_SPI_GPIO_Set_Pins
 .text.SPI1_IRQHandler
                0x0000000008000b2c       0x5c Stm32_F103C6_Drivers/Stm32_F103C6_SPI_driver.o
                0x0000000008000b2c                SPI1_IRQHandler
 .text.SPI2_IRQHandler
                0x0000000008000b88       0x5c Stm32_F103C6_Drivers/Stm32_F103C6_SPI_driver.o
                0x0000000008000b88                SPI2_IRQHandler
 .text.MCAL_UART_Init
                0x0000000008000be4      0x184 Stm32_F103C6_Drivers/Stm32_F103C6_USART_driver.o
                0x0000000008000be4                MCAL_UART_Init
 .text.MCAL_UART_SendData
                0x0000000008000d68       0x36 Stm32_F103C6_Drivers/Stm32_F103C6_USART_driver.o
                0x0000000008000d68                MCAL_UART_SendData
 *fill*         0x0000000008000d9e        0x2 
 .text.MCAL_UART_ReceiveData
                0x0000000008000da0       0x5c Stm32_F103C6_Drivers/Stm32_F103C6_USART_driver.o
                0x0000000008000da0                MCAL_UART_ReceiveData
 .text.MCAL_UART_GPIO_Set_Pins
                0x0000000008000dfc       0xcc Stm32_F103C6_Drivers/Stm32_F103C6_USART_driver.o
                0x0000000008000dfc                MCAL_UART_GPIO_Set_Pins
 .text.USART1_IRQHandler
                0x0000000008000ec8       0x14 Stm32_F103C6_Drivers/Stm32_F103C6_USART_driver.o
                0x0000000008000ec8                USART1_IRQHandler
 .text.USART2_IRQHandler
                0x0000000008000edc       0x14 Stm32_F103C6_Drivers/Stm32_F103C6_USART_driver.o
                0x0000000008000edc                USART2_IRQHandler
 .text.USART3_IRQHandler
                0x0000000008000ef0       0x14 Stm32_F103C6_Drivers/Stm32_F103C6_USART_driver.o
                0x0000000008000ef0                USART3_IRQHandler
 .text.__libc_init_array
                0x0000000008000f04       0x48 c:/st/stm32cubeide_1.4.0/stm32cubeide/plugins/com.st.stm32cube.ide.mcu.externaltools.gnu-tools-for-stm32.7-2018-q2-update.win32_1.4.0.202007081208/tools/bin/../lib/gcc/arm-none-eabi/7.3.1/../../../../arm-none-eabi/lib/thumb/v7-m\libc_nano.a(lib_a-init.o)
                0x0000000008000f04                __libc_init_array
 *(.glue_7)
 .glue_7        0x0000000008000f4c        0x0 linker stubs
 *(.glue_7t)
 .glue_7t       0x0000000008000f4c        0x0 linker stubs
 *(.eh_frame)
 .eh_frame      0x0000000008000f4c        0x0 c:/st/stm32cubeide_1.4.0/stm32cubeide/plugins/com.st.stm32cube.ide.mcu.externaltools.gnu-tools-for-stm32.7-2018-q2-update.win32_1.4.0.202007081208/tools/bin/../lib/gcc/arm-none-eabi/7.3.1/thumb/v7-m/crtbegin.o
 *(.init)
 .init          0x0000000008000f4c        0x4 c:/st/stm32cubeide_1.4.0/stm32cubeide/plugins/com.st.stm32cube.ide.mcu.externaltools.gnu-tools-for-stm32.7-2018-q2-update.win32_1.4.0.202007081208/tools/bin/../lib/gcc/arm-none-eabi/7.3.1/thumb/v7-m/crti.o
                0x0000000008000f4c                _init
 .init          0x0000000008000f50        0x8 c:/st/stm32cubeide_1.4.0/stm32cubeide/plugins/com.st.stm32cube.ide.mcu.externaltools.gnu-tools-for-stm32.7-2018-q2-update.win32_1.4.0.202007081208/tools/bin/../lib/gcc/arm-none-eabi/7.3.1/thumb/v7-m/crtn.o
 *(.fini)
 .fini          0x0000000008000f58        0x4 c:/st/stm32cubeide_1.4.0/stm32cubeide/plugins/com.st.stm32cube.ide.mcu.externaltools.gnu-tools-for-stm32.7-2018-q2-update.win32_1.4.0.202007081208/tools/bin/../lib/gcc/arm-none-eabi/7.3.1/thumb/v7-m/crti.o
                0x0000000008000f58                _fini
 .fini          0x0000000008000f5c        0x8 c:/st/stm32cubeide_1.4.0/stm32cubeide/plugins/com.st.stm32cube.ide.mcu.externaltools.gnu-tools-for-stm32.7-2018-q2-update.win32_1.4.0.202007081208/tools/bin/../lib/gcc/arm-none-eabi/7.3.1/thumb/v7-m/crtn.o
                0x0000000008000f64                . = ALIGN (0x4)
                0x0000000008000f64                _etext = .

.vfp11_veneer   0x0000000008000f64        0x0
 .vfp11_veneer  0x0000000008000f64        0x0 linker stubs

.v4_bx          0x0000000008000f64        0x0
 .v4_bx         0x0000000008000f64        0x0 linker stubs

.iplt           0x0000000008000f64        0x0
 .iplt          0x0000000008000f64        0x0 c:/st/stm32cubeide_1.4.0/stm32cubeide/plugins/com.st.stm32cube.ide.mcu.externaltools.gnu-tools-for-stm32.7-2018-q2-update.win32_1.4.0.202007081208/tools/bin/../lib/gcc/arm-none-eabi/7.3.1/thumb/v7-m/crtbegin.o

.rodata         0x0000000008000f64       0x18
                0x0000000008000f64                . = ALIGN (0x4)
 *(.rodata)
 *(.rodata*)
 .rodata.APBPrescTable
                0x0000000008000f64        0x8 Stm32_F103C6_Drivers/Stm32_F103C6_RCC_driver.o
                0x0000000008000f64                APBPrescTable
 .rodata.AHBPrescTable
                0x0000000008000f6c       0x10 Stm32_F103C6_Drivers/Stm32_F103C6_RCC_driver.o
                0x0000000008000f6c                AHBPrescTable
                0x0000000008000f7c                . = ALIGN (0x4)

.rel.dyn        0x0000000008000f7c        0x0
 .rel.iplt      0x0000000008000f7c        0x0 c:/st/stm32cubeide_1.4.0/stm32cubeide/plugins/com.st.stm32cube.ide.mcu.externaltools.gnu-tools-for-stm32.7-2018-q2-update.win32_1.4.0.202007081208/tools/bin/../lib/gcc/arm-none-eabi/7.3.1/thumb/v7-m/crtbegin.o

.ARM.extab      0x0000000008000f7c        0x0
                0x0000000008000f7c                . = ALIGN (0x4)
 *(.ARM.extab* .gnu.linkonce.armextab.*)
                0x0000000008000f7c                . = ALIGN (0x4)

.ARM            0x0000000008000f7c        0x0
                0x0000000008000f7c                . = ALIGN (0x4)
                0x0000000008000f7c                __exidx_start = .
 *(.ARM.exidx*)
                0x0000000008000f7c                __exidx_end = .
                0x0000000008000f7c                . = ALIGN (0x4)

.preinit_array  0x0000000008000f7c        0x0
                0x0000000008000f7c                . = ALIGN (0x4)
                0x0000000008000f7c                PROVIDE (__preinit_array_start = .)
 *(.preinit_array*)
                0x0000000008000f7c                PROVIDE (__preinit_array_end = .)
                0x0000000008000f7c                . = ALIGN (0x4)

.init_array     0x0000000008000f7c        0x4
                0x0000000008000f7c                . = ALIGN (0x4)
                0x0000000008000f7c                PROVIDE (__init_array_start = .)
 *(SORT_BY_NAME(.init_array.*))
 *(.init_array*)
 .init_array    0x0000000008000f7c        0x4 c:/st/stm32cubeide_1.4.0/stm32cubeide/plugins/com.st.stm32cube.ide.mcu.externaltools.gnu-tools-for-stm32.7-2018-q2-update.win32_1.4.0.202007081208/tools/bin/../lib/gcc/arm-none-eabi/7.3.1/thumb/v7-m/crtbegin.o
                0x0000000008000f80                PROVIDE (__init_array_end = .)
                0x0000000008000f80                . = ALIGN (0x4)

.fini_array     0x0000000008000f80        0x4
                0x0000000008000f80                . = ALIGN (0x4)
                [!provide]                        PROVIDE (__fini_array_start = .)
 *(SORT_BY_NAME(.fini_array.*))
 *(.fini_array*)
 .fini_array    0x0000000008000f80        0x4 c:/st/stm32cubeide_1.4.0/stm32cubeide/plugins/com.st.stm32cube.ide.mcu.externaltools.gnu-tools-for-stm32.7-2018-q2-update.win32_1.4.0.202007081208/tools/bin/../lib/gcc/arm-none-eabi/7.3.1/thumb/v7-m/crtbegin.o
                [!provide]                        PROVIDE (__fini_array_end = .)
                0x0000000008000f84                . = ALIGN (0x4)
                0x0000000008000f84                _sidata = LOADADDR (.data)

.data           0x0000000020000000        0x0 load address 0x0000000008000f84
                0x0000000020000000                . = ALIGN (0x4)
                0x0000000020000000                _sdata = .
 *(.data)
 *(.data*)
                0x0000000020000000                . = ALIGN (0x4)
                0x0000000020000000                _edata = .

.igot.plt       0x0000000020000000        0x0 load address 0x0000000008000f84
 .igot.plt      0x0000000020000000        0x0 c:/st/stm32cubeide_1.4.0/stm32cubeide/plugins/com.st.stm32cube.ide.mcu.externaltools.gnu-tools-for-stm32.7-2018-q2-update.win32_1.4.0.202007081208/tools/bin/../lib/gcc/arm-none-eabi/7.3.1/thumb/v7-m/crtbegin.o
                0x0000000020000000                . = ALIGN (0x4)

.bss            0x0000000020000000       0x68 load address 0x0000000008000f84
                0x0000000020000000                _sbss = .
                0x0000000020000000                __bss_start__ = _sbss
 *(.bss)
 .bss           0x0000000020000000       0x1c c:/st/stm32cubeide_1.4.0/stm32cubeide/plugins/com.st.stm32cube.ide.mcu.externaltools.gnu-tools-for-stm32.7-2018-q2-update.win32_1.4.0.202007081208/tools/bin/../lib/gcc/arm-none-eabi/7.3.1/thumb/v7-m/crtbegin.o
 *(.bss*)
 .bss.Global_SPI_Config
                0x000000002000001c        0x8 Stm32_F103C6_Drivers/Stm32_F103C6_SPI_driver.o
                0x000000002000001c                Global_SPI_Config
 .bss.Global_UART_Config
                0x0000000020000024        0x4 Stm32_F103C6_Drivers/Stm32_F103C6_USART_driver.o
                0x0000000020000024                Global_UART_Config
 *(COMMON)
 COMMON         0x0000000020000028        0x2 Src/main.o
                0x0000000020000028                ch
 *fill*         0x000000002000002a        0x2 
 COMMON         0x000000002000002c       0x3c Stm32_F103C6_Drivers/Stm32_F103C6_EXTI_driver.o
                0x000000002000002c                GP_IRQ_CallBack
                0x0000000020000068                . = ALIGN (0x4)
                0x0000000020000068                _ebss = .
                0x0000000020000068                __bss_end__ = _ebss

._user_heap_stack
                0x0000000020000068      0x600 load address 0x0000000008000f84
                0x0000000020000068                . = ALIGN (0x8)
                [!provide]                        PROVIDE (end = .)
                0x0000000020000068                PROVIDE (_end = .)
                0x0000000020000268                . = (. + _Min_Heap_Size)
 *fill*         0x0000000020000068      0x200 
                0x0000000020000668                . = (. + _Min_Stack_Size)
 *fill*         0x0000000020000268      0x400 
                0x0000000020000668                . = ALIGN (0x8)

/DISCARD/
 libc.a(*)
 libm.a(*)
 libgcc.a(*)

.ARM.attributes
                0x0000000000000000       0x29
 *(.ARM.attributes)
 .ARM.attributes
                0x0000000000000000       0x1d c:/st/stm32cubeide_1.4.0/stm32cubeide/plugins/com.st.stm32cube.ide.mcu.externaltools.gnu-tools-for-stm32.7-2018-q2-update.win32_1.4.0.202007081208/tools/bin/../lib/gcc/arm-none-eabi/7.3.1/thumb/v7-m/crti.o
 .ARM.attributes
                0x000000000000001d       0x2d c:/st/stm32cubeide_1.4.0/stm32cubeide/plugins/com.st.stm32cube.ide.mcu.externaltools.gnu-tools-for-stm32.7-2018-q2-update.win32_1.4.0.202007081208/tools/bin/../lib/gcc/arm-none-eabi/7.3.1/thumb/v7-m/crtbegin.o
 .ARM.attributes
                0x000000000000004a       0x33 Src/main.o
 .ARM.attributes
                0x000000000000007d       0x21 Startup/startup_stm32f103c6tx.o
 .ARM.attributes
                0x000000000000009e       0x33 Stm32_F103C6_Drivers/Stm32_F103C6_EXTI_driver.o
 .ARM.attributes
                0x00000000000000d1       0x33 Stm32_F103C6_Drivers/Stm32_F103C6_GPIO_driver.o
 .ARM.attributes
                0x0000000000000104       0x33 Stm32_F103C6_Drivers/Stm32_F103C6_RCC_driver.o
 .ARM.attributes
                0x0000000000000137       0x33 Stm32_F103C6_Drivers/Stm32_F103C6_SPI_driver.o
 .ARM.attributes
                0x000000000000016a       0x33 Stm32_F103C6_Drivers/Stm32_F103C6_USART_driver.o
 .ARM.attributes
                0x000000000000019d       0x2d c:/st/stm32cubeide_1.4.0/stm32cubeide/plugins/com.st.stm32cube.ide.mcu.externaltools.gnu-tools-for-stm32.7-2018-q2-update.win32_1.4.0.202007081208/tools/bin/../lib/gcc/arm-none-eabi/7.3.1/../../../../arm-none-eabi/lib/thumb/v7-m\libc_nano.a(lib_a-init.o)
 .ARM.attributes
                0x00000000000001ca       0x1d c:/st/stm32cubeide_1.4.0/stm32cubeide/plugins/com.st.stm32cube.ide.mcu.externaltools.gnu-tools-for-stm32.7-2018-q2-update.win32_1.4.0.202007081208/tools/bin/../lib/gcc/arm-none-eabi/7.3.1/thumb/v7-m/crtn.o
OUTPUT(Drivers.elf elf32-littlearm)

.debug_info     0x0000000000000000     0x51af
 .debug_info    0x0000000000000000      0xe89 Src/main.o
 .debug_info    0x0000000000000e89       0x22 Startup/startup_stm32f103c6tx.o
 .debug_info    0x0000000000000eab      0xdbf Stm32_F103C6_Drivers/Stm32_F103C6_EXTI_driver.o
 .debug_info    0x0000000000001c6a      0xd5d Stm32_F103C6_Drivers/Stm32_F103C6_GPIO_driver.o
 .debug_info    0x00000000000029c7      0xb09 Stm32_F103C6_Drivers/Stm32_F103C6_RCC_driver.o
 .debug_info    0x00000000000034d0      0xed8 Stm32_F103C6_Drivers/Stm32_F103C6_SPI_driver.o
 .debug_info    0x00000000000043a8      0xe07 Stm32_F103C6_Drivers/Stm32_F103C6_USART_driver.o

.debug_abbrev   0x0000000000000000      0xcac
 .debug_abbrev  0x0000000000000000      0x240 Src/main.o
 .debug_abbrev  0x0000000000000240       0x12 Startup/startup_stm32f103c6tx.o
 .debug_abbrev  0x0000000000000252      0x210 Stm32_F103C6_Drivers/Stm32_F103C6_EXTI_driver.o
 .debug_abbrev  0x0000000000000462      0x232 Stm32_F103C6_Drivers/Stm32_F103C6_GPIO_driver.o
 .debug_abbrev  0x0000000000000694      0x19b Stm32_F103C6_Drivers/Stm32_F103C6_RCC_driver.o
 .debug_abbrev  0x000000000000082f      0x23e Stm32_F103C6_Drivers/Stm32_F103C6_SPI_driver.o
 .debug_abbrev  0x0000000000000a6d      0x23f Stm32_F103C6_Drivers/Stm32_F103C6_USART_driver.o

.debug_loc      0x0000000000000000      0xd60
 .debug_loc     0x0000000000000000       0xf8 Src/main.o
 .debug_loc     0x00000000000000f8      0x320 Stm32_F103C6_Drivers/Stm32_F103C6_EXTI_driver.o
 .debug_loc     0x0000000000000418      0x330 Stm32_F103C6_Drivers/Stm32_F103C6_GPIO_driver.o
 .debug_loc     0x0000000000000748       0xc8 Stm32_F103C6_Drivers/Stm32_F103C6_RCC_driver.o
 .debug_loc     0x0000000000000810      0x2bc Stm32_F103C6_Drivers/Stm32_F103C6_SPI_driver.o
 .debug_loc     0x0000000000000acc      0x294 Stm32_F103C6_Drivers/Stm32_F103C6_USART_driver.o

.debug_aranges  0x0000000000000000      0x230
 .debug_aranges
                0x0000000000000000       0x38 Src/main.o
 .debug_aranges
                0x0000000000000038       0x28 Startup/startup_stm32f103c6tx.o
 .debug_aranges
                0x0000000000000060       0x80 Stm32_F103C6_Drivers/Stm32_F103C6_EXTI_driver.o
 .debug_aranges
                0x00000000000000e0       0x60 Stm32_F103C6_Drivers/Stm32_F103C6_GPIO_driver.o
 .debug_aranges
                0x0000000000000140       0x38 Stm32_F103C6_Drivers/Stm32_F103C6_RCC_driver.o
 .debug_aranges
                0x0000000000000178       0x58 Stm32_F103C6_Drivers/Stm32_F103C6_SPI_driver.o
 .debug_aranges
                0x00000000000001d0       0x60 Stm32_F103C6_Drivers/Stm32_F103C6_USART_driver.o

.debug_ranges   0x0000000000000000      0x1c8
 .debug_ranges  0x0000000000000000       0x28 Src/main.o
 .debug_ranges  0x0000000000000028       0x20 Startup/startup_stm32f103c6tx.o
 .debug_ranges  0x0000000000000048       0x70 Stm32_F103C6_Drivers/Stm32_F103C6_EXTI_driver.o
 .debug_ranges  0x00000000000000b8       0x50 Stm32_F103C6_Drivers/Stm32_F103C6_GPIO_driver.o
 .debug_ranges  0x0000000000000108       0x28 Stm32_F103C6_Drivers/Stm32_F103C6_RCC_driver.o
 .debug_ranges  0x0000000000000130       0x48 Stm32_F103C6_Drivers/Stm32_F103C6_SPI_driver.o
 .debug_ranges  0x0000000000000178       0x50 Stm32_F103C6_Drivers/Stm32_F103C6_USART_driver.o

.debug_macro    0x0000000000000000      0xf93
 .debug_macro   0x0000000000000000      0x185 Src/main.o
 .debug_macro   0x0000000000000185      0x224 Src/main.o
 .debug_macro   0x00000000000003a9       0x16 Src/main.o
 .debug_macro   0x00000000000003bf       0xe8 Src/main.o
 .debug_macro   0x00000000000004a7       0xc8 Src/main.o
 .debug_macro   0x000000000000056f      0x15c Stm32_F103C6_Drivers/Stm32_F103C6_EXTI_driver.o
 .debug_macro   0x00000000000006cb      0x2a0 Stm32_F103C6_Drivers/Stm32_F103C6_EXTI_driver.o
 .debug_macro   0x000000000000096b      0x13f Stm32_F103C6_Drivers/Stm32_F103C6_GPIO_driver.o
 .debug_macro   0x0000000000000aaa      0x152 Stm32_F103C6_Drivers/Stm32_F103C6_RCC_driver.o
 .debug_macro   0x0000000000000bfc       0x10 Stm32_F103C6_Drivers/Stm32_F103C6_RCC_driver.o
 .debug_macro   0x0000000000000c0c      0x16a Stm32_F103C6_Drivers/Stm32_F103C6_SPI_driver.o
 .debug_macro   0x0000000000000d76       0xc2 Stm32_F103C6_Drivers/Stm32_F103C6_SPI_driver.o
 .debug_macro   0x0000000000000e38      0x15b Stm32_F103C6_Drivers/Stm32_F103C6_USART_driver.o

.debug_line     0x0000000000000000     0x27c6
 .debug_line    0x0000000000000000      0x62a Src/main.o
 .debug_line    0x000000000000062a       0x84 Startup/startup_stm32f103c6tx.o
 .debug_line    0x00000000000006ae      0x748 Stm32_F103C6_Drivers/Stm32_F103C6_EXTI_driver.o
 .debug_line    0x0000000000000df6      0x682 Stm32_F103C6_Drivers/Stm32_F103C6_GPIO_driver.o
 .debug_line    0x0000000000001478      0x5ce Stm32_F103C6_Drivers/Stm32_F103C6_RCC_driver.o
 .debug_line    0x0000000000001a46      0x6be Stm32_F103C6_Drivers/Stm32_F103C6_SPI_driver.o
 .debug_line    0x0000000000002104      0x6c2 Stm32_F103C6_Drivers/Stm32_F103C6_USART_driver.o

.debug_str      0x0000000000000000     0xa6a0
 .debug_str     0x0000000000000000     0x9fd2 Src/main.o
                                       0xa26d (size before relaxing)
 .debug_str     0x0000000000009fd2       0x31 Startup/startup_stm32f103c6tx.o
                                         0x60 (size before relaxing)
 .debug_str     0x000000000000a003      0x273 Stm32_F103C6_Drivers/Stm32_F103C6_EXTI_driver.o
                                       0x9738 (size before relaxing)
 .debug_str     0x000000000000a276      0x11a Stm32_F103C6_Drivers/Stm32_F103C6_GPIO_driver.o
                                       0x82c1 (size before relaxing)
 .debug_str     0x000000000000a390       0xa8 Stm32_F103C6_Drivers/Stm32_F103C6_RCC_driver.o
                                       0x8232 (size before relaxing)
 .debug_str     0x000000000000a438      0x152 Stm32_F103C6_Drivers/Stm32_F103C6_SPI_driver.o
                                       0x8908 (size before relaxing)
 .debug_str     0x000000000000a58a      0x116 Stm32_F103C6_Drivers/Stm32_F103C6_USART_driver.o
                                       0x89e3 (size before relaxing)

.comment        0x0000000000000000       0x7b
 .comment       0x0000000000000000       0x7b Src/main.o
                                         0x7c (size before relaxing)
 .comment       0x000000000000007b       0x7c Stm32_F103C6_Drivers/Stm32_F103C6_EXTI_driver.o
 .comment       0x000000000000007b       0x7c Stm32_F103C6_Drivers/Stm32_F103C6_GPIO_driver.o
 .comment       0x000000000000007b       0x7c Stm32_F103C6_Drivers/Stm32_F103C6_RCC_driver.o
 .comment       0x000000000000007b       0x7c Stm32_F103C6_Drivers/Stm32_F103C6_SPI_driver.o
 .comment       0x000000000000007b       0x7c Stm32_F103C6_Drivers/Stm32_F103C6_USART_driver.o

.debug_frame    0x0000000000000000      0x6f8
 .debug_frame   0x0000000000000000       0x90 Src/main.o
 .debug_frame   0x0000000000000090      0x1b0 Stm32_F103C6_Drivers/Stm32_F103C6_EXTI_driver.o
 .debug_frame   0x0000000000000240      0x178 Stm32_F103C6_Drivers/Stm32_F103C6_GPIO_driver.o
 .debug_frame   0x00000000000003b8       0x84 Stm32_F103C6_Drivers/Stm32_F103C6_RCC_driver.o
 .debug_frame   0x000000000000043c      0x144 Stm32_F103C6_Drivers/Stm32_F103C6_SPI_driver.o
 .debug_frame   0x0000000000000580      0x14c Stm32_F103C6_Drivers/Stm32_F103C6_USART_driver.o
 .debug_frame   0x00000000000006cc       0x2c c:/st/stm32cubeide_1.4.0/stm32cubeide/plugins/com.st.stm32cube.ide.mcu.externaltools.gnu-tools-for-stm32.7-2018-q2-update.win32_1.4.0.202007081208/tools/bin/../lib/gcc/arm-none-eabi/7.3.1/../../../../arm-none-eabi/lib/thumb/v7-m\libc_nano.a(lib_a-init.o)
